Archive member included to satisfy reference by file (symbol)

c:/intelfpga_lite/18.1/nios2eds/bin/gnu/h-x86_64-mingw32/bin/../lib/gcc/nios2-elf/5.3.0/mno-hw-mul\libgcc.a(addsf3.o)
                              obj/default/hello_world_small.o (__addsf3)
c:/intelfpga_lite/18.1/nios2eds/bin/gnu/h-x86_64-mingw32/bin/../lib/gcc/nios2-elf/5.3.0/mno-hw-mul\libgcc.a(mulsf3.o)
                              obj/default/hello_world_small.o (__mulsf3)
c:/intelfpga_lite/18.1/nios2eds/bin/gnu/h-x86_64-mingw32/bin/../lib/gcc/nios2-elf/5.3.0/mno-hw-mul\libgcc.a(fixsfsi.o)
                              obj/default/hello_world_small.o (__fixsfsi)
c:/intelfpga_lite/18.1/nios2eds/bin/gnu/h-x86_64-mingw32/bin/../lib/gcc/nios2-elf/5.3.0/mno-hw-mul\libgcc.a(floatsisf.o)
                              obj/default/hello_world_small.o (__floatsisf)
c:/intelfpga_lite/18.1/nios2eds/bin/gnu/h-x86_64-mingw32/bin/../lib/gcc/nios2-elf/5.3.0/mno-hw-mul\libgcc.a(extendsfdf2.o)
                              obj/default/hello_world_small.o (__extendsfdf2)
c:/intelfpga_lite/18.1/nios2eds/bin/gnu/h-x86_64-mingw32/bin/../lib/gcc/nios2-elf/5.3.0/mno-hw-mul\libgcc.a(_clzsi2.o)
                              c:/intelfpga_lite/18.1/nios2eds/bin/gnu/h-x86_64-mingw32/bin/../lib/gcc/nios2-elf/5.3.0/mno-hw-mul\libgcc.a(addsf3.o) (__clzsi2)
c:/intelfpga_lite/18.1/nios2eds/bin/gnu/h-x86_64-mingw32/bin/../lib/gcc/nios2-elf/5.3.0/mno-hw-mul\libgcc.a(lib2-mul.o)
                              c:/intelfpga_lite/18.1/nios2eds/bin/gnu/h-x86_64-mingw32/bin/../lib/gcc/nios2-elf/5.3.0/mno-hw-mul\libgcc.a(mulsf3.o) (__mulsi3)
c:/intelfpga_lite/18.1/nios2eds/bin/gnu/h-x86_64-mingw32/bin/../lib/gcc/nios2-elf/5.3.0/mno-hw-mul\libgcc.a(_clz.o)
                              c:/intelfpga_lite/18.1/nios2eds/bin/gnu/h-x86_64-mingw32/bin/../lib/gcc/nios2-elf/5.3.0/mno-hw-mul\libgcc.a(_clzsi2.o) (__clz_tab)
../accelerometer_bsp/\libhal_bsp.a(alt_getchar.o)
                              obj/default/hello_world_small.o (alt_getchar)
../accelerometer_bsp/\libhal_bsp.a(alt_irq_register.o)
                              obj/default/hello_world_small.o (alt_irq_register)
../accelerometer_bsp/\libhal_bsp.a(alt_irq_vars.o)
                              ../accelerometer_bsp/\libhal_bsp.a(alt_irq_register.o) (alt_irq_active)
../accelerometer_bsp/\libhal_bsp.a(alt_load.o)
                              ../accelerometer_bsp//obj/HAL/src/crt0.o (alt_load)
../accelerometer_bsp/\libhal_bsp.a(alt_main.o)
                              ../accelerometer_bsp//obj/HAL/src/crt0.o (alt_main)
../accelerometer_bsp/\libhal_bsp.a(alt_printf.o)
                              obj/default/hello_world_small.o (alt_printf)
../accelerometer_bsp/\libhal_bsp.a(alt_putchar.o)
                              ../accelerometer_bsp/\libhal_bsp.a(alt_printf.o) (alt_putchar)
../accelerometer_bsp/\libhal_bsp.a(alt_putstr.o)
                              obj/default/hello_world_small.o (alt_putstr)
../accelerometer_bsp/\libhal_bsp.a(alt_sys_init.o)
                              ../accelerometer_bsp/\libhal_bsp.a(alt_main.o) (alt_irq_init)
../accelerometer_bsp/\libhal_bsp.a(altera_avalon_jtag_uart_read.o)
                              ../accelerometer_bsp/\libhal_bsp.a(alt_getchar.o) (altera_avalon_jtag_uart_read)
../accelerometer_bsp/\libhal_bsp.a(altera_avalon_jtag_uart_write.o)
                              ../accelerometer_bsp/\libhal_bsp.a(alt_putchar.o) (altera_avalon_jtag_uart_write)
../accelerometer_bsp/\libhal_bsp.a(altera_up_avalon_accelerometer_spi.o)
                              obj/default/hello_world_small.o (alt_up_accelerometer_spi_open_dev)
../accelerometer_bsp/\libhal_bsp.a(alt_dcache_flush_all.o)
                              ../accelerometer_bsp/\libhal_bsp.a(alt_load.o) (alt_dcache_flush_all)
../accelerometer_bsp/\libhal_bsp.a(alt_dev.o)
                              ../accelerometer_bsp/\libhal_bsp.a(alt_getchar.o) (alt_fd_list)
../accelerometer_bsp/\libhal_bsp.a(alt_dev_llist_insert.o)
                              ../accelerometer_bsp/\libhal_bsp.a(alt_sys_init.o) (alt_dev_llist_insert)
../accelerometer_bsp/\libhal_bsp.a(alt_errno.o)
                              ../accelerometer_bsp/\libhal_bsp.a(alt_dev_llist_insert.o) (alt_errno)
../accelerometer_bsp/\libhal_bsp.a(alt_find_dev.o)
                              ../accelerometer_bsp/\libhal_bsp.a(altera_up_avalon_accelerometer_spi.o) (alt_find_dev)
../accelerometer_bsp/\libhal_bsp.a(alt_icache_flush_all.o)
                              ../accelerometer_bsp/\libhal_bsp.a(alt_load.o) (alt_icache_flush_all)
../accelerometer_bsp/\libhal_bsp.a(alt_irq_entry.o)
                              ../accelerometer_bsp/\libhal_bsp.a(alt_irq_register.o) (alt_irq_entry)
../accelerometer_bsp/\libhal_bsp.a(alt_irq_handler.o)
                              ../accelerometer_bsp/\libhal_bsp.a(alt_irq_register.o) (alt_irq_handler)
../accelerometer_bsp/\libhal_bsp.a(altera_nios2_gen2_irq.o)
                              ../accelerometer_bsp/\libhal_bsp.a(alt_sys_init.o) (altera_nios2_gen2_irq_init)
../accelerometer_bsp/\libhal_bsp.a(alt_exception_entry.o)
                              ../accelerometer_bsp/\libhal_bsp.a(alt_irq_entry.o) (alt_exception)
../accelerometer_bsp/\libhal_bsp.a(alt_instruction_exception_entry.o)
                              ../accelerometer_bsp/\libhal_bsp.a(alt_exception_entry.o) (alt_instruction_exception_entry)
c:/intelfpga_lite/18.1/nios2eds/bin/gnu/h-x86_64-mingw32/bin/../lib/gcc/nios2-elf/5.3.0/../../../../../H-x86_64-mingw32/nios2-elf/lib/mno-hw-mul\libsmallc.a(lib_a-int_errno.o)
                              ../accelerometer_bsp/\libhal_bsp.a(alt_dev_llist_insert.o) (errno)
c:/intelfpga_lite/18.1/nios2eds/bin/gnu/h-x86_64-mingw32/bin/../lib/gcc/nios2-elf/5.3.0/../../../../../H-x86_64-mingw32/nios2-elf/lib/mno-hw-mul\libsmallc.a(lib_a-memcmp.o)
                              ../accelerometer_bsp/\libhal_bsp.a(alt_find_dev.o) (memcmp)
c:/intelfpga_lite/18.1/nios2eds/bin/gnu/h-x86_64-mingw32/bin/../lib/gcc/nios2-elf/5.3.0/../../../../../H-x86_64-mingw32/nios2-elf/lib/mno-hw-mul\libsmallc.a(lib_a-strlen.o)
                              ../accelerometer_bsp/\libhal_bsp.a(alt_putstr.o) (strlen)

Allocating common symbols
Common symbol       size              file

alt_irq             0x100             ../accelerometer_bsp/\libhal_bsp.a(alt_irq_handler.o)
errno               0x4               c:/intelfpga_lite/18.1/nios2eds/bin/gnu/h-x86_64-mingw32/bin/../lib/gcc/nios2-elf/5.3.0/../../../../../H-x86_64-mingw32/nios2-elf/lib/mno-hw-mul\libsmallc.a(lib_a-int_errno.o)
led                 0x1               obj/default/hello_world_small.o
level               0x4               obj/default/hello_world_small.o

Memory Configuration

Name             Origin             Length             Attributes
reset            0x0000000000010000 0x0000000000000020
onchip_memory    0x0000000000010020 0x000000000000ffe0
*default*        0x0000000000000000 0xffffffffffffffff

Linker script and memory map

LOAD ../accelerometer_bsp//obj/HAL/src/crt0.o
LOAD obj/default/hello_world_small.o
LOAD c:/intelfpga_lite/18.1/nios2eds/bin/gnu/h-x86_64-mingw32/bin/../lib/gcc/nios2-elf/5.3.0/../../../../../H-x86_64-mingw32/nios2-elf/lib/mno-hw-mul\libstdc++.a
LOAD c:/intelfpga_lite/18.1/nios2eds/bin/gnu/h-x86_64-mingw32/bin/../lib/gcc/nios2-elf/5.3.0/../../../../../H-x86_64-mingw32/nios2-elf/lib/mno-hw-mul\libm.a
LOAD c:/intelfpga_lite/18.1/nios2eds/bin/gnu/h-x86_64-mingw32/bin/../lib/gcc/nios2-elf/5.3.0/mno-hw-mul\libgcc.a
START GROUP
LOAD c:/intelfpga_lite/18.1/nios2eds/bin/gnu/h-x86_64-mingw32/bin/../lib/gcc/nios2-elf/5.3.0/../../../../../H-x86_64-mingw32/nios2-elf/lib/mno-hw-mul\libsmallc.a
LOAD c:/intelfpga_lite/18.1/nios2eds/bin/gnu/h-x86_64-mingw32/bin/../lib/gcc/nios2-elf/5.3.0/mno-hw-mul\libgcc.a
LOAD ../accelerometer_bsp/\libhal_bsp.a
LOAD c:/intelfpga_lite/18.1/nios2eds/bin/gnu/h-x86_64-mingw32/bin/../lib/gcc/nios2-elf/5.3.0/../../../../../H-x86_64-mingw32/nios2-elf/lib/mno-hw-mul\libm.a
END GROUP
LOAD c:/intelfpga_lite/18.1/nios2eds/bin/gnu/h-x86_64-mingw32/bin/../lib/gcc/nios2-elf/5.3.0/mno-hw-mul\libgcc.a
                0x0000000000010000                __alt_mem_onchip_memory = 0x10000

.entry          0x0000000000010000       0x20
 *(.entry)
 .entry         0x0000000000010000       0x20 ../accelerometer_bsp//obj/HAL/src/crt0.o
                0x0000000000010000                __reset
                0x000000000001000c                _exit

.exceptions     0x0000000000010020      0x160
                0x0000000000010020                PROVIDE (__ram_exceptions_start, ABSOLUTE (.))
                0x0000000000010020                . = ALIGN (0x20)
 *(.irq)
 *(.exceptions.entry.label)
 .exceptions.entry.label
                0x0000000000010020        0x0 ../accelerometer_bsp/\libhal_bsp.a(alt_irq_entry.o)
                0x0000000000010020                alt_irq_entry
 .exceptions.entry.label
                0x0000000000010020        0x0 ../accelerometer_bsp/\libhal_bsp.a(alt_exception_entry.o)
                0x0000000000010020                alt_exception
 *(.exceptions.entry.user)
 *(.exceptions.entry.ecc_fatal)
 *(.exceptions.entry)
 .exceptions.entry
                0x0000000000010020       0x54 ../accelerometer_bsp/\libhal_bsp.a(alt_exception_entry.o)
 *(.exceptions.irqtest.user)
 *(.exceptions.irqtest)
 .exceptions.irqtest
                0x0000000000010074       0x10 ../accelerometer_bsp/\libhal_bsp.a(alt_irq_entry.o)
 *(.exceptions.irqhandler.user)
 *(.exceptions.irqhandler)
 .exceptions.irqhandler
                0x0000000000010084        0x4 ../accelerometer_bsp/\libhal_bsp.a(alt_irq_entry.o)
 *(.exceptions.irqreturn.user)
 *(.exceptions.irqreturn)
 .exceptions.irqreturn
                0x0000000000010088        0x4 ../accelerometer_bsp/\libhal_bsp.a(alt_irq_entry.o)
 *(.exceptions.notirq.label)
 .exceptions.notirq.label
                0x000000000001008c        0x0 ../accelerometer_bsp/\libhal_bsp.a(alt_irq_entry.o)
 *(.exceptions.notirq.user)
 *(.exceptions.notirq)
 .exceptions.notirq
                0x000000000001008c        0x8 ../accelerometer_bsp/\libhal_bsp.a(alt_exception_entry.o)
 *(.exceptions.soft.user)
 *(.exceptions.soft)
 *(.exceptions.unknown.user)
 *(.exceptions.unknown)
 .exceptions.unknown
                0x0000000000010094       0x14 ../accelerometer_bsp/\libhal_bsp.a(alt_exception_entry.o)
 *(.exceptions.exit.label)
 .exceptions.exit.label
                0x00000000000100a8        0x0 ../accelerometer_bsp/\libhal_bsp.a(alt_irq_entry.o)
 .exceptions.exit.label
                0x00000000000100a8        0x0 ../accelerometer_bsp/\libhal_bsp.a(alt_exception_entry.o)
 *(.exceptions.exit.user)
 *(.exceptions.exit)
 .exceptions.exit
                0x00000000000100a8       0x54 ../accelerometer_bsp/\libhal_bsp.a(alt_exception_entry.o)
 *(.exceptions)
 .exceptions    0x00000000000100fc       0x60 ../accelerometer_bsp/\libhal_bsp.a(alt_irq_handler.o)
                0x00000000000100fc                alt_irq_handler
 .exceptions    0x000000000001015c       0x24 ../accelerometer_bsp/\libhal_bsp.a(alt_instruction_exception_entry.o)
                0x000000000001015c                alt_instruction_exception_entry
                0x0000000000010180                PROVIDE (__ram_exceptions_end, ABSOLUTE (.))
                0x0000000000010020                PROVIDE (__flash_exceptions_start, LOADADDR (.exceptions))

.text           0x0000000000010180     0x1784
                [!provide]                        PROVIDE (stext, ABSOLUTE (.))
 *(.interp)
 *(.hash)
 *(.dynsym)
 *(.dynstr)
 *(.gnu.version)
 *(.gnu.version_d)
 *(.gnu.version_r)
 *(.rel.init)
 *(.rela.init)
 *(.rel.text .rel.text.* .rel.gnu.linkonce.t.*)
 *(.rela.text .rela.text.* .rela.gnu.linkonce.t.*)
 *(.rel.fini)
 *(.rela.fini)
 *(.rel.rodata .rel.rodata.* .rel.gnu.linkonce.r.*)
 *(.rela.rodata .rela.rodata.* .rela.gnu.linkonce.r.*)
 *(.rel.data .rel.data.* .rel.gnu.linkonce.d.*)
 *(.rela.data .rela.data.* .rela.gnu.linkonce.d.*)
 *(.rel.tdata .rel.tdata.* .rel.gnu.linkonce.td.*)
 *(.rela.tdata .rela.tdata.* .rela.gnu.linkonce.td.*)
 *(.rel.tbss .rel.tbss.* .rel.gnu.linkonce.tb.*)
 *(.rela.tbss .rela.tbss.* .rela.gnu.linkonce.tb.*)
 *(.rel.ctors)
 *(.rela.ctors)
 *(.rel.dtors)
 *(.rela.dtors)
 *(.rel.got)
 *(.rela.got)
 *(.rel.sdata .rel.sdata.* .rel.gnu.linkonce.s.*)
 *(.rela.sdata .rela.sdata.* .rela.gnu.linkonce.s.*)
 *(.rel.sbss .rel.sbss.* .rel.gnu.linkonce.sb.*)
 *(.rela.sbss .rela.sbss.* .rela.gnu.linkonce.sb.*)
 *(.rel.sdata2 .rel.sdata2.* .rel.gnu.linkonce.s2.*)
 *(.rela.sdata2 .rela.sdata2.* .rela.gnu.linkonce.s2.*)
 *(.rel.sbss2 .rel.sbss2.* .rel.gnu.linkonce.sb2.*)
 *(.rela.sbss2 .rela.sbss2.* .rela.gnu.linkonce.sb2.*)
 *(.rel.bss .rel.bss.* .rel.gnu.linkonce.b.*)
 *(.rela.bss .rela.bss.* .rela.gnu.linkonce.b.*)
 *(.rel.plt)
 *(.rela.plt)
 *(.rel.dyn)
 *(.init)
 *(.plt)
 *(.text .stub .text.* .gnu.linkonce.t.*)
 .text          0x0000000000010180       0x3c ../accelerometer_bsp//obj/HAL/src/crt0.o
                0x0000000000010180                _start
 .text          0x00000000000101bc      0x21c obj/default/hello_world_small.o
                0x00000000000101bc                sys_timer_isr
                0x000000000001023c                fir_filter
                0x000000000001031c                led_write
                0x0000000000010330                convert_read
                0x0000000000010364                timer_init
                0x00000000000103d4                get_command_char
 .text.startup  0x00000000000103d8      0x158 obj/default/hello_world_small.o
                0x00000000000103d8                main
 .text          0x0000000000010530      0x4c8 c:/intelfpga_lite/18.1/nios2eds/bin/gnu/h-x86_64-mingw32/bin/../lib/gcc/nios2-elf/5.3.0/mno-hw-mul\libgcc.a(addsf3.o)
                0x0000000000010530                __addsf3
 .text          0x00000000000109f8      0x430 c:/intelfpga_lite/18.1/nios2eds/bin/gnu/h-x86_64-mingw32/bin/../lib/gcc/nios2-elf/5.3.0/mno-hw-mul\libgcc.a(mulsf3.o)
                0x00000000000109f8                __mulsf3
 .text          0x0000000000010e28       0x70 c:/intelfpga_lite/18.1/nios2eds/bin/gnu/h-x86_64-mingw32/bin/../lib/gcc/nios2-elf/5.3.0/mno-hw-mul\libgcc.a(fixsfsi.o)
                0x0000000000010e28                __fixsfsi
 .text          0x0000000000010e98      0x124 c:/intelfpga_lite/18.1/nios2eds/bin/gnu/h-x86_64-mingw32/bin/../lib/gcc/nios2-elf/5.3.0/mno-hw-mul\libgcc.a(floatsisf.o)
                0x0000000000010e98                __floatsisf
 .text          0x0000000000010fbc      0x110 c:/intelfpga_lite/18.1/nios2eds/bin/gnu/h-x86_64-mingw32/bin/../lib/gcc/nios2-elf/5.3.0/mno-hw-mul\libgcc.a(extendsfdf2.o)
                0x0000000000010fbc                __extendsfdf2
 .text          0x00000000000110cc       0x64 c:/intelfpga_lite/18.1/nios2eds/bin/gnu/h-x86_64-mingw32/bin/../lib/gcc/nios2-elf/5.3.0/mno-hw-mul\libgcc.a(_clzsi2.o)
                0x00000000000110cc                __clzsi2
 .text          0x0000000000011130       0x28 c:/intelfpga_lite/18.1/nios2eds/bin/gnu/h-x86_64-mingw32/bin/../lib/gcc/nios2-elf/5.3.0/mno-hw-mul\libgcc.a(lib2-mul.o)
                0x0000000000011130                __mulsi3
 .text          0x0000000000011158        0x0 c:/intelfpga_lite/18.1/nios2eds/bin/gnu/h-x86_64-mingw32/bin/../lib/gcc/nios2-elf/5.3.0/mno-hw-mul\libgcc.a(_clz.o)
 .text          0x0000000000011158       0x44 ../accelerometer_bsp/\libhal_bsp.a(alt_getchar.o)
                0x0000000000011158                alt_getchar
 .text          0x000000000001119c       0x94 ../accelerometer_bsp/\libhal_bsp.a(alt_irq_register.o)
                0x000000000001119c                alt_irq_register
 .text          0x0000000000011230        0x0 ../accelerometer_bsp/\libhal_bsp.a(alt_irq_vars.o)
 .text          0x0000000000011230       0xe0 ../accelerometer_bsp/\libhal_bsp.a(alt_load.o)
                0x0000000000011230                alt_load
 .text          0x0000000000011310       0x2c ../accelerometer_bsp/\libhal_bsp.a(alt_main.o)
                0x0000000000011310                alt_main
 .text          0x000000000001133c      0x170 ../accelerometer_bsp/\libhal_bsp.a(alt_printf.o)
                0x000000000001133c                alt_printf
 .text          0x00000000000114ac       0x48 ../accelerometer_bsp/\libhal_bsp.a(alt_putchar.o)
                0x00000000000114ac                alt_putchar
 .text          0x00000000000114f4       0x38 ../accelerometer_bsp/\libhal_bsp.a(alt_putstr.o)
                0x00000000000114f4                alt_putstr
 .text          0x000000000001152c       0x30 ../accelerometer_bsp/\libhal_bsp.a(alt_sys_init.o)
                0x000000000001152c                alt_irq_init
                0x000000000001154c                alt_sys_init
 .text          0x000000000001155c       0x5c ../accelerometer_bsp/\libhal_bsp.a(altera_avalon_jtag_uart_read.o)
                0x000000000001155c                altera_avalon_jtag_uart_read
 .text          0x00000000000115b8       0x34 ../accelerometer_bsp/\libhal_bsp.a(altera_avalon_jtag_uart_write.o)
                0x00000000000115b8                altera_avalon_jtag_uart_write
 .text          0x00000000000115ec      0x160 ../accelerometer_bsp/\libhal_bsp.a(altera_up_avalon_accelerometer_spi.o)
                0x00000000000115ec                alt_up_accelerometer_spi_open_dev
                0x00000000000115f4                alt_up_accelerometer_spi_read_address_register
                0x0000000000011608                alt_up_accelerometer_spi_read
                0x0000000000011628                alt_up_accelerometer_spi_write
                0x0000000000011644                alt_up_accelerometer_spi_read_x_axis
                0x000000000001169c                alt_up_accelerometer_spi_read_y_axis
                0x00000000000116f4                alt_up_accelerometer_spi_read_z_axis
 .text          0x000000000001174c        0x4 ../accelerometer_bsp/\libhal_bsp.a(alt_dcache_flush_all.o)
                0x000000000001174c                alt_dcache_flush_all
 .text          0x0000000000011750        0x8 ../accelerometer_bsp/\libhal_bsp.a(alt_dev.o)
 .text          0x0000000000011758       0x6c ../accelerometer_bsp/\libhal_bsp.a(alt_dev_llist_insert.o)
                0x0000000000011758                alt_dev_llist_insert
 .text          0x00000000000117c4        0x0 ../accelerometer_bsp/\libhal_bsp.a(alt_errno.o)
 .text          0x00000000000117c4       0x74 ../accelerometer_bsp/\libhal_bsp.a(alt_find_dev.o)
                0x00000000000117c4                alt_find_dev
 .text          0x0000000000011838        0x4 ../accelerometer_bsp/\libhal_bsp.a(alt_icache_flush_all.o)
                0x0000000000011838                alt_icache_flush_all
 .text          0x000000000001183c        0x0 ../accelerometer_bsp/\libhal_bsp.a(alt_irq_entry.o)
 .text          0x000000000001183c        0x0 ../accelerometer_bsp/\libhal_bsp.a(alt_irq_handler.o)
 .text          0x000000000001183c        0x8 ../accelerometer_bsp/\libhal_bsp.a(altera_nios2_gen2_irq.o)
                0x000000000001183c                altera_nios2_gen2_irq_init
 .text          0x0000000000011844        0x0 ../accelerometer_bsp/\libhal_bsp.a(alt_exception_entry.o)
 .text          0x0000000000011844       0x74 ../accelerometer_bsp/\libhal_bsp.a(alt_instruction_exception_entry.o)
                0x0000000000011844                alt_exception_cause_generated_bad_addr
 .text          0x00000000000118b8        0x0 c:/intelfpga_lite/18.1/nios2eds/bin/gnu/h-x86_64-mingw32/bin/../lib/gcc/nios2-elf/5.3.0/../../../../../H-x86_64-mingw32/nios2-elf/lib/mno-hw-mul\libsmallc.a(lib_a-int_errno.o)
 .text          0x00000000000118b8        0x0 c:/intelfpga_lite/18.1/nios2eds/bin/gnu/h-x86_64-mingw32/bin/../lib/gcc/nios2-elf/5.3.0/../../../../../H-x86_64-mingw32/nios2-elf/lib/mno-hw-mul\libsmallc.a(lib_a-memcmp.o)
 .text.memcmp   0x00000000000118b8       0x30 c:/intelfpga_lite/18.1/nios2eds/bin/gnu/h-x86_64-mingw32/bin/../lib/gcc/nios2-elf/5.3.0/../../../../../H-x86_64-mingw32/nios2-elf/lib/mno-hw-mul\libsmallc.a(lib_a-memcmp.o)
                0x00000000000118b8                memcmp
 .text          0x00000000000118e8        0x0 c:/intelfpga_lite/18.1/nios2eds/bin/gnu/h-x86_64-mingw32/bin/../lib/gcc/nios2-elf/5.3.0/../../../../../H-x86_64-mingw32/nios2-elf/lib/mno-hw-mul\libsmallc.a(lib_a-strlen.o)
 .text.strlen   0x00000000000118e8       0x1c c:/intelfpga_lite/18.1/nios2eds/bin/gnu/h-x86_64-mingw32/bin/../lib/gcc/nios2-elf/5.3.0/../../../../../H-x86_64-mingw32/nios2-elf/lib/mno-hw-mul\libsmallc.a(lib_a-strlen.o)
                0x00000000000118e8                strlen
 *(.gnu.warning.*)
 *(.fini)
                [!provide]                        PROVIDE (__etext, ABSOLUTE (.))
                [!provide]                        PROVIDE (_etext, ABSOLUTE (.))
                [!provide]                        PROVIDE (etext, ABSOLUTE (.))
 *(.eh_frame_hdr)
                0x0000000000011904                . = ALIGN (0x4)
                [!provide]                        PROVIDE (__preinit_array_start, ABSOLUTE (.))
 *(.preinit_array)
                [!provide]                        PROVIDE (__preinit_array_end, ABSOLUTE (.))
                [!provide]                        PROVIDE (__init_array_start, ABSOLUTE (.))
 *(.init_array)
                [!provide]                        PROVIDE (__init_array_end, ABSOLUTE (.))
                [!provide]                        PROVIDE (__fini_array_start, ABSOLUTE (.))
 *(.fini_array)
                [!provide]                        PROVIDE (__fini_array_end, ABSOLUTE (.))
 *(.eh_frame)
 *(.gcc_except_table .gcc_except_table.*)
 *(.dynamic)
                [!provide]                        PROVIDE (__CTOR_LIST__, ABSOLUTE (.))
 *(.ctors)
 *(SORT(.ctors.*))
                [!provide]                        PROVIDE (__CTOR_END__, ABSOLUTE (.))
                [!provide]                        PROVIDE (__DTOR_LIST__, ABSOLUTE (.))
 *(.dtors)
 *(SORT(.dtors.*))
                [!provide]                        PROVIDE (__DTOR_END__, ABSOLUTE (.))
 *(.jcr)
                0x0000000000011904                . = ALIGN (0x4)

.rodata         0x0000000000011904      0x2dc
                0x0000000000011904                PROVIDE (__ram_rodata_start, ABSOLUTE (.))
                0x0000000000011904                . = ALIGN (0x4)
 *(.rodata .rodata.* .gnu.linkonce.r.*)
 .rodata.str1.4
                0x0000000000011904      0x106 obj/default/hello_world_small.o
 *fill*         0x0000000000011a0a        0x2 
 .rodata        0x0000000000011a0c       0xc8 obj/default/hello_world_small.o
 .rodata        0x0000000000011ad4      0x100 c:/intelfpga_lite/18.1/nios2eds/bin/gnu/h-x86_64-mingw32/bin/../lib/gcc/nios2-elf/5.3.0/mno-hw-mul\libgcc.a(_clz.o)
                0x0000000000011ad4                __clz_tab
 .rodata.str1.4
                0x0000000000011bd4       0x17 ../accelerometer_bsp/\libhal_bsp.a(alt_sys_init.o)
 .rodata.str1.4
                0x0000000000011bd4        0xc ../accelerometer_bsp/\libhal_bsp.a(alt_dev.o)
                                          0xa (size before relaxing)
 *(.rodata1)
                0x0000000000011bec                . = ALIGN (0x4)
                0x0000000000011bec                PROVIDE (__ram_rodata_end, ABSOLUTE (.))
                0x0000000000011904                PROVIDE (__flash_rodata_start, LOADADDR (.rodata))

.rwdata         0x0000000000011be0       0xa4 load address 0x0000000000011c84
                0x0000000000011be0                PROVIDE (__ram_rwdata_start, ABSOLUTE (.))
                0x0000000000011be0                . = ALIGN (0x4)
 *(.got.plt)
 *(.got)
 *(.data1)
 *(.data .data.* .gnu.linkonce.d.*)
 .data          0x0000000000011be0        0x0 ../accelerometer_bsp//obj/HAL/src/crt0.o
 .data          0x0000000000011be0        0x0 obj/default/hello_world_small.o
 .data          0x0000000000011be0        0x0 c:/intelfpga_lite/18.1/nios2eds/bin/gnu/h-x86_64-mingw32/bin/../lib/gcc/nios2-elf/5.3.0/mno-hw-mul\libgcc.a(addsf3.o)
 .data          0x0000000000011be0        0x0 c:/intelfpga_lite/18.1/nios2eds/bin/gnu/h-x86_64-mingw32/bin/../lib/gcc/nios2-elf/5.3.0/mno-hw-mul\libgcc.a(mulsf3.o)
 .data          0x0000000000011be0        0x0 c:/intelfpga_lite/18.1/nios2eds/bin/gnu/h-x86_64-mingw32/bin/../lib/gcc/nios2-elf/5.3.0/mno-hw-mul\libgcc.a(fixsfsi.o)
 .data          0x0000000000011be0        0x0 c:/intelfpga_lite/18.1/nios2eds/bin/gnu/h-x86_64-mingw32/bin/../lib/gcc/nios2-elf/5.3.0/mno-hw-mul\libgcc.a(floatsisf.o)
 .data          0x0000000000011be0        0x0 c:/intelfpga_lite/18.1/nios2eds/bin/gnu/h-x86_64-mingw32/bin/../lib/gcc/nios2-elf/5.3.0/mno-hw-mul\libgcc.a(extendsfdf2.o)
 .data          0x0000000000011be0        0x0 c:/intelfpga_lite/18.1/nios2eds/bin/gnu/h-x86_64-mingw32/bin/../lib/gcc/nios2-elf/5.3.0/mno-hw-mul\libgcc.a(_clzsi2.o)
 .data          0x0000000000011be0        0x0 c:/intelfpga_lite/18.1/nios2eds/bin/gnu/h-x86_64-mingw32/bin/../lib/gcc/nios2-elf/5.3.0/mno-hw-mul\libgcc.a(lib2-mul.o)
 .data          0x0000000000011be0        0x0 c:/intelfpga_lite/18.1/nios2eds/bin/gnu/h-x86_64-mingw32/bin/../lib/gcc/nios2-elf/5.3.0/mno-hw-mul\libgcc.a(_clz.o)
 .data          0x0000000000011be0        0x0 ../accelerometer_bsp/\libhal_bsp.a(alt_getchar.o)
 .data          0x0000000000011be0        0x0 ../accelerometer_bsp/\libhal_bsp.a(alt_irq_register.o)
 .data          0x0000000000011be0        0x0 ../accelerometer_bsp/\libhal_bsp.a(alt_irq_vars.o)
 .data          0x0000000000011be0        0x0 ../accelerometer_bsp/\libhal_bsp.a(alt_load.o)
 .data          0x0000000000011be0        0x0 ../accelerometer_bsp/\libhal_bsp.a(alt_main.o)
 .data          0x0000000000011be0        0x0 ../accelerometer_bsp/\libhal_bsp.a(alt_printf.o)
 .data          0x0000000000011be0        0x0 ../accelerometer_bsp/\libhal_bsp.a(alt_putchar.o)
 .data          0x0000000000011be0        0x0 ../accelerometer_bsp/\libhal_bsp.a(alt_putstr.o)
 .data          0x0000000000011be0       0x2c ../accelerometer_bsp/\libhal_bsp.a(alt_sys_init.o)
 .data          0x0000000000011c0c        0x0 ../accelerometer_bsp/\libhal_bsp.a(altera_avalon_jtag_uart_read.o)
 .data          0x0000000000011c0c        0x0 ../accelerometer_bsp/\libhal_bsp.a(altera_avalon_jtag_uart_write.o)
 .data          0x0000000000011c0c        0x0 ../accelerometer_bsp/\libhal_bsp.a(altera_up_avalon_accelerometer_spi.o)
 .data          0x0000000000011c0c        0x0 ../accelerometer_bsp/\libhal_bsp.a(alt_dcache_flush_all.o)
 .data          0x0000000000011c0c       0x58 ../accelerometer_bsp/\libhal_bsp.a(alt_dev.o)
                0x0000000000011c0c                alt_fd_list
                0x0000000000011c3c                alt_dev_null
 .data          0x0000000000011c64        0x0 ../accelerometer_bsp/\libhal_bsp.a(alt_dev_llist_insert.o)
 .data          0x0000000000011c64        0x0 ../accelerometer_bsp/\libhal_bsp.a(alt_errno.o)
 .data          0x0000000000011c64        0x0 ../accelerometer_bsp/\libhal_bsp.a(alt_find_dev.o)
 .data          0x0000000000011c64        0x0 ../accelerometer_bsp/\libhal_bsp.a(alt_icache_flush_all.o)
 .data          0x0000000000011c64        0x0 ../accelerometer_bsp/\libhal_bsp.a(alt_irq_entry.o)
 .data          0x0000000000011c64        0x0 ../accelerometer_bsp/\libhal_bsp.a(alt_irq_handler.o)
 .data          0x0000000000011c64        0x0 ../accelerometer_bsp/\libhal_bsp.a(altera_nios2_gen2_irq.o)
 .data          0x0000000000011c64        0x0 ../accelerometer_bsp/\libhal_bsp.a(alt_exception_entry.o)
 .data          0x0000000000011c64        0x0 ../accelerometer_bsp/\libhal_bsp.a(alt_instruction_exception_entry.o)
 .data          0x0000000000011c64        0x0 c:/intelfpga_lite/18.1/nios2eds/bin/gnu/h-x86_64-mingw32/bin/../lib/gcc/nios2-elf/5.3.0/../../../../../H-x86_64-mingw32/nios2-elf/lib/mno-hw-mul\libsmallc.a(lib_a-int_errno.o)
 .data          0x0000000000011c64        0x0 c:/intelfpga_lite/18.1/nios2eds/bin/gnu/h-x86_64-mingw32/bin/../lib/gcc/nios2-elf/5.3.0/../../../../../H-x86_64-mingw32/nios2-elf/lib/mno-hw-mul\libsmallc.a(lib_a-memcmp.o)
 .data          0x0000000000011c64        0x0 c:/intelfpga_lite/18.1/nios2eds/bin/gnu/h-x86_64-mingw32/bin/../lib/gcc/nios2-elf/5.3.0/../../../../../H-x86_64-mingw32/nios2-elf/lib/mno-hw-mul\libsmallc.a(lib_a-strlen.o)
                0x0000000000019c64                _gp = ABSOLUTE ((. + 0x8000))
                [!provide]                        PROVIDE (gp, _gp)
 *(.rwdata .rwdata.*)
 *(.sdata .sdata.* .gnu.linkonce.s.*)
 .sdata         0x0000000000011c64        0x4 ../accelerometer_bsp/\libhal_bsp.a(alt_irq_vars.o)
                0x0000000000011c64                alt_priority_mask
 .sdata         0x0000000000011c68        0x4 ../accelerometer_bsp/\libhal_bsp.a(alt_sys_init.o)
                0x0000000000011c68                jtag_uart
 .sdata         0x0000000000011c6c       0x14 ../accelerometer_bsp/\libhal_bsp.a(alt_dev.o)
                0x0000000000011c6c                alt_max_fd
                0x0000000000011c70                alt_dev_list
                0x0000000000011c78                alt_fs_list
 .sdata         0x0000000000011c80        0x4 ../accelerometer_bsp/\libhal_bsp.a(alt_errno.o)
                0x0000000000011c80                alt_errno
 *(.sdata2 .sdata2.* .gnu.linkonce.s2.*)
                0x0000000000011c84                . = ALIGN (0x4)
                0x0000000000011c84                _edata = ABSOLUTE (.)
                [!provide]                        PROVIDE (edata, ABSOLUTE (.))
                0x0000000000011c84                PROVIDE (__ram_rwdata_end, ABSOLUTE (.))
                0x0000000000011c84                PROVIDE (__flash_rwdata_start, LOADADDR (.rwdata))

.bss            0x0000000000011d28      0x1f0
                0x0000000000011d28                __bss_start = ABSOLUTE (.)
                [!provide]                        PROVIDE (__sbss_start, ABSOLUTE (.))
                [!provide]                        PROVIDE (___sbss_start, ABSOLUTE (.))
 *(.dynsbss)
 *(.sbss .sbss.* .gnu.linkonce.sb.*)
 .sbss          0x0000000000011d28        0x5 obj/default/hello_world_small.o
                0x0000000000011d2c                pwm
 *fill*         0x0000000000011d2d        0x3 
 .sbss          0x0000000000011d30        0x8 obj/default/hello_world_small.o
                0x0000000000011d30                led
                0x0000000000011d34                level
 .sbss          0x0000000000011d38        0x4 ../accelerometer_bsp/\libhal_bsp.a(alt_irq_vars.o)
                0x0000000000011d38                alt_irq_active
 .sbss          0x0000000000011d3c        0xc ../accelerometer_bsp/\libhal_bsp.a(alt_main.o)
                0x0000000000011d3c                alt_envp
                0x0000000000011d40                alt_argv
                0x0000000000011d44                alt_argc
 .sbss          0x0000000000011d48        0x4 ../accelerometer_bsp/\libhal_bsp.a(alt_instruction_exception_entry.o)
                0x0000000000011d48                alt_instruction_exception_handler
 .sbss          0x0000000000011d4c        0x4 c:/intelfpga_lite/18.1/nios2eds/bin/gnu/h-x86_64-mingw32/bin/../lib/gcc/nios2-elf/5.3.0/../../../../../H-x86_64-mingw32/nios2-elf/lib/mno-hw-mul\libsmallc.a(lib_a-int_errno.o)
                0x0000000000011d4c                errno
 *(.sbss2 .sbss2.* .gnu.linkonce.sb2.*)
 *(.scommon)
                [!provide]                        PROVIDE (__sbss_end, ABSOLUTE (.))
                [!provide]                        PROVIDE (___sbss_end, ABSOLUTE (.))
 *(.dynbss)
 *(.bss .bss.* .gnu.linkonce.b.*)
 .bss           0x0000000000011d50        0x0 ../accelerometer_bsp//obj/HAL/src/crt0.o
 .bss           0x0000000000011d50       0xc8 obj/default/hello_world_small.o
 .bss           0x0000000000011e18        0x0 c:/intelfpga_lite/18.1/nios2eds/bin/gnu/h-x86_64-mingw32/bin/../lib/gcc/nios2-elf/5.3.0/mno-hw-mul\libgcc.a(addsf3.o)
 .bss           0x0000000000011e18        0x0 c:/intelfpga_lite/18.1/nios2eds/bin/gnu/h-x86_64-mingw32/bin/../lib/gcc/nios2-elf/5.3.0/mno-hw-mul\libgcc.a(mulsf3.o)
 .bss           0x0000000000011e18        0x0 c:/intelfpga_lite/18.1/nios2eds/bin/gnu/h-x86_64-mingw32/bin/../lib/gcc/nios2-elf/5.3.0/mno-hw-mul\libgcc.a(fixsfsi.o)
 .bss           0x0000000000011e18        0x0 c:/intelfpga_lite/18.1/nios2eds/bin/gnu/h-x86_64-mingw32/bin/../lib/gcc/nios2-elf/5.3.0/mno-hw-mul\libgcc.a(floatsisf.o)
 .bss           0x0000000000011e18        0x0 c:/intelfpga_lite/18.1/nios2eds/bin/gnu/h-x86_64-mingw32/bin/../lib/gcc/nios2-elf/5.3.0/mno-hw-mul\libgcc.a(extendsfdf2.o)
 .bss           0x0000000000011e18        0x0 c:/intelfpga_lite/18.1/nios2eds/bin/gnu/h-x86_64-mingw32/bin/../lib/gcc/nios2-elf/5.3.0/mno-hw-mul\libgcc.a(_clzsi2.o)
 .bss           0x0000000000011e18        0x0 c:/intelfpga_lite/18.1/nios2eds/bin/gnu/h-x86_64-mingw32/bin/../lib/gcc/nios2-elf/5.3.0/mno-hw-mul\libgcc.a(lib2-mul.o)
 .bss           0x0000000000011e18        0x0 c:/intelfpga_lite/18.1/nios2eds/bin/gnu/h-x86_64-mingw32/bin/../lib/gcc/nios2-elf/5.3.0/mno-hw-mul\libgcc.a(_clz.o)
 .bss           0x0000000000011e18        0x0 ../accelerometer_bsp/\libhal_bsp.a(alt_getchar.o)
 .bss           0x0000000000011e18        0x0 ../accelerometer_bsp/\libhal_bsp.a(alt_irq_register.o)
 .bss           0x0000000000011e18        0x0 ../accelerometer_bsp/\libhal_bsp.a(alt_irq_vars.o)
 .bss           0x0000000000011e18        0x0 ../accelerometer_bsp/\libhal_bsp.a(alt_load.o)
 .bss           0x0000000000011e18        0x0 ../accelerometer_bsp/\libhal_bsp.a(alt_main.o)
 .bss           0x0000000000011e18        0x0 ../accelerometer_bsp/\libhal_bsp.a(alt_printf.o)
 .bss           0x0000000000011e18        0x0 ../accelerometer_bsp/\libhal_bsp.a(alt_putchar.o)
 .bss           0x0000000000011e18        0x0 ../accelerometer_bsp/\libhal_bsp.a(alt_putstr.o)
 .bss           0x0000000000011e18        0x0 ../accelerometer_bsp/\libhal_bsp.a(alt_sys_init.o)
 .bss           0x0000000000011e18        0x0 ../accelerometer_bsp/\libhal_bsp.a(altera_avalon_jtag_uart_read.o)
 .bss           0x0000000000011e18        0x0 ../accelerometer_bsp/\libhal_bsp.a(altera_avalon_jtag_uart_write.o)
 .bss           0x0000000000011e18        0x0 ../accelerometer_bsp/\libhal_bsp.a(altera_up_avalon_accelerometer_spi.o)
 .bss           0x0000000000011e18        0x0 ../accelerometer_bsp/\libhal_bsp.a(alt_dcache_flush_all.o)
 .bss           0x0000000000011e18        0x0 ../accelerometer_bsp/\libhal_bsp.a(alt_dev.o)
 .bss           0x0000000000011e18        0x0 ../accelerometer_bsp/\libhal_bsp.a(alt_dev_llist_insert.o)
 .bss           0x0000000000011e18        0x0 ../accelerometer_bsp/\libhal_bsp.a(alt_errno.o)
 .bss           0x0000000000011e18        0x0 ../accelerometer_bsp/\libhal_bsp.a(alt_find_dev.o)
 .bss           0x0000000000011e18        0x0 ../accelerometer_bsp/\libhal_bsp.a(alt_icache_flush_all.o)
 .bss           0x0000000000011e18        0x0 ../accelerometer_bsp/\libhal_bsp.a(alt_irq_entry.o)
 .bss           0x0000000000011e18        0x0 ../accelerometer_bsp/\libhal_bsp.a(alt_irq_handler.o)
 .bss           0x0000000000011e18        0x0 ../accelerometer_bsp/\libhal_bsp.a(altera_nios2_gen2_irq.o)
 .bss           0x0000000000011e18        0x0 ../accelerometer_bsp/\libhal_bsp.a(alt_exception_entry.o)
 .bss           0x0000000000011e18        0x0 ../accelerometer_bsp/\libhal_bsp.a(alt_instruction_exception_entry.o)
 .bss           0x0000000000011e18        0x0 c:/intelfpga_lite/18.1/nios2eds/bin/gnu/h-x86_64-mingw32/bin/../lib/gcc/nios2-elf/5.3.0/../../../../../H-x86_64-mingw32/nios2-elf/lib/mno-hw-mul\libsmallc.a(lib_a-int_errno.o)
 .bss           0x0000000000011e18        0x0 c:/intelfpga_lite/18.1/nios2eds/bin/gnu/h-x86_64-mingw32/bin/../lib/gcc/nios2-elf/5.3.0/../../../../../H-x86_64-mingw32/nios2-elf/lib/mno-hw-mul\libsmallc.a(lib_a-memcmp.o)
 .bss           0x0000000000011e18        0x0 c:/intelfpga_lite/18.1/nios2eds/bin/gnu/h-x86_64-mingw32/bin/../lib/gcc/nios2-elf/5.3.0/../../../../../H-x86_64-mingw32/nios2-elf/lib/mno-hw-mul\libsmallc.a(lib_a-strlen.o)
 *(COMMON)
 COMMON         0x0000000000011e18      0x100 ../accelerometer_bsp/\libhal_bsp.a(alt_irq_handler.o)
                0x0000000000011e18                alt_irq
                0x0000000000011f18                . = ALIGN (0x4)
                0x0000000000011f18                __bss_end = ABSOLUTE (.)

.onchip_memory  0x0000000000011f18        0x0
                [!provide]                        PROVIDE (_alt_partition_onchip_memory_start, ABSOLUTE (.))
 *(.onchip_memory .onchip_memory. onchip_memory.*)
                0x0000000000011f18                . = ALIGN (0x4)
                [!provide]                        PROVIDE (_alt_partition_onchip_memory_end, ABSOLUTE (.))
                0x0000000000011f18                _end = ABSOLUTE (.)
                0x0000000000011f18                end = ABSOLUTE (.)
                0x0000000000011f18                __alt_stack_base = ABSOLUTE (.)
                [!provide]                        PROVIDE (_alt_partition_onchip_memory_load_addr, LOADADDR (.onchip_memory))

.stab
 *(.stab)

.stabstr
 *(.stabstr)

.stab.excl
 *(.stab.excl)

.stab.exclstr
 *(.stab.exclstr)

.stab.index
 *(.stab.index)

.stab.indexstr
 *(.stab.indexstr)

.comment        0x0000000000000000       0x23
 *(.comment)
 .comment       0x0000000000000000       0x23 obj/default/hello_world_small.o
                                         0x24 (size before relaxing)
 .comment       0x0000000000000023       0x24 c:/intelfpga_lite/18.1/nios2eds/bin/gnu/h-x86_64-mingw32/bin/../lib/gcc/nios2-elf/5.3.0/mno-hw-mul\libgcc.a(addsf3.o)
 .comment       0x0000000000000023       0x24 c:/intelfpga_lite/18.1/nios2eds/bin/gnu/h-x86_64-mingw32/bin/../lib/gcc/nios2-elf/5.3.0/mno-hw-mul\libgcc.a(mulsf3.o)
 .comment       0x0000000000000023       0x24 c:/intelfpga_lite/18.1/nios2eds/bin/gnu/h-x86_64-mingw32/bin/../lib/gcc/nios2-elf/5.3.0/mno-hw-mul\libgcc.a(fixsfsi.o)
 .comment       0x0000000000000023       0x24 c:/intelfpga_lite/18.1/nios2eds/bin/gnu/h-x86_64-mingw32/bin/../lib/gcc/nios2-elf/5.3.0/mno-hw-mul\libgcc.a(floatsisf.o)
 .comment       0x0000000000000023       0x24 c:/intelfpga_lite/18.1/nios2eds/bin/gnu/h-x86_64-mingw32/bin/../lib/gcc/nios2-elf/5.3.0/mno-hw-mul\libgcc.a(extendsfdf2.o)
 .comment       0x0000000000000023       0x24 c:/intelfpga_lite/18.1/nios2eds/bin/gnu/h-x86_64-mingw32/bin/../lib/gcc/nios2-elf/5.3.0/mno-hw-mul\libgcc.a(_clzsi2.o)
 .comment       0x0000000000000023       0x24 c:/intelfpga_lite/18.1/nios2eds/bin/gnu/h-x86_64-mingw32/bin/../lib/gcc/nios2-elf/5.3.0/mno-hw-mul\libgcc.a(lib2-mul.o)
 .comment       0x0000000000000023       0x24 c:/intelfpga_lite/18.1/nios2eds/bin/gnu/h-x86_64-mingw32/bin/../lib/gcc/nios2-elf/5.3.0/mno-hw-mul\libgcc.a(_clz.o)
 .comment       0x0000000000000023       0x24 ../accelerometer_bsp/\libhal_bsp.a(alt_getchar.o)
 .comment       0x0000000000000023       0x24 ../accelerometer_bsp/\libhal_bsp.a(alt_irq_register.o)
 .comment       0x0000000000000023       0x24 ../accelerometer_bsp/\libhal_bsp.a(alt_irq_vars.o)
 .comment       0x0000000000000023       0x24 ../accelerometer_bsp/\libhal_bsp.a(alt_load.o)
 .comment       0x0000000000000023       0x24 ../accelerometer_bsp/\libhal_bsp.a(alt_main.o)
 .comment       0x0000000000000023       0x24 ../accelerometer_bsp/\libhal_bsp.a(alt_printf.o)
 .comment       0x0000000000000023       0x24 ../accelerometer_bsp/\libhal_bsp.a(alt_putchar.o)
 .comment       0x0000000000000023       0x24 ../accelerometer_bsp/\libhal_bsp.a(alt_putstr.o)
 .comment       0x0000000000000023       0x24 ../accelerometer_bsp/\libhal_bsp.a(alt_sys_init.o)
 .comment       0x0000000000000023       0x24 ../accelerometer_bsp/\libhal_bsp.a(altera_avalon_jtag_uart_read.o)
 .comment       0x0000000000000023       0x24 ../accelerometer_bsp/\libhal_bsp.a(altera_avalon_jtag_uart_write.o)
 .comment       0x0000000000000023       0x24 ../accelerometer_bsp/\libhal_bsp.a(altera_up_avalon_accelerometer_spi.o)
 .comment       0x0000000000000023       0x24 ../accelerometer_bsp/\libhal_bsp.a(alt_dcache_flush_all.o)
 .comment       0x0000000000000023       0x24 ../accelerometer_bsp/\libhal_bsp.a(alt_dev.o)
 .comment       0x0000000000000023       0x24 ../accelerometer_bsp/\libhal_bsp.a(alt_dev_llist_insert.o)
 .comment       0x0000000000000023       0x24 ../accelerometer_bsp/\libhal_bsp.a(alt_errno.o)
 .comment       0x0000000000000023       0x24 ../accelerometer_bsp/\libhal_bsp.a(alt_find_dev.o)
 .comment       0x0000000000000023       0x24 ../accelerometer_bsp/\libhal_bsp.a(alt_icache_flush_all.o)
 .comment       0x0000000000000023       0x24 ../accelerometer_bsp/\libhal_bsp.a(alt_irq_handler.o)
 .comment       0x0000000000000023       0x24 ../accelerometer_bsp/\libhal_bsp.a(altera_nios2_gen2_irq.o)
 .comment       0x0000000000000023       0x24 ../accelerometer_bsp/\libhal_bsp.a(alt_instruction_exception_entry.o)
 .comment       0x0000000000000023       0x24 c:/intelfpga_lite/18.1/nios2eds/bin/gnu/h-x86_64-mingw32/bin/../lib/gcc/nios2-elf/5.3.0/../../../../../H-x86_64-mingw32/nios2-elf/lib/mno-hw-mul\libsmallc.a(lib_a-int_errno.o)
 .comment       0x0000000000000023       0x24 c:/intelfpga_lite/18.1/nios2eds/bin/gnu/h-x86_64-mingw32/bin/../lib/gcc/nios2-elf/5.3.0/../../../../../H-x86_64-mingw32/nios2-elf/lib/mno-hw-mul\libsmallc.a(lib_a-memcmp.o)
 .comment       0x0000000000000023       0x24 c:/intelfpga_lite/18.1/nios2eds/bin/gnu/h-x86_64-mingw32/bin/../lib/gcc/nios2-elf/5.3.0/../../../../../H-x86_64-mingw32/nios2-elf/lib/mno-hw-mul\libsmallc.a(lib_a-strlen.o)

.debug
 *(.debug)

.line
 *(.line)

.debug_srcinfo
 *(.debug_srcinfo)

.debug_sfnames
 *(.debug_sfnames)

.debug_aranges  0x0000000000000000      0x4a0
 *(.debug_aranges)
 .debug_aranges
                0x0000000000000000       0x28 ../accelerometer_bsp//obj/HAL/src/crt0.o
 .debug_aranges
                0x0000000000000028       0x28 obj/default/hello_world_small.o
 .debug_aranges
                0x0000000000000050       0x20 c:/intelfpga_lite/18.1/nios2eds/bin/gnu/h-x86_64-mingw32/bin/../lib/gcc/nios2-elf/5.3.0/mno-hw-mul\libgcc.a(addsf3.o)
 .debug_aranges
                0x0000000000000070       0x20 c:/intelfpga_lite/18.1/nios2eds/bin/gnu/h-x86_64-mingw32/bin/../lib/gcc/nios2-elf/5.3.0/mno-hw-mul\libgcc.a(mulsf3.o)
 .debug_aranges
                0x0000000000000090       0x20 c:/intelfpga_lite/18.1/nios2eds/bin/gnu/h-x86_64-mingw32/bin/../lib/gcc/nios2-elf/5.3.0/mno-hw-mul\libgcc.a(fixsfsi.o)
 .debug_aranges
                0x00000000000000b0       0x20 c:/intelfpga_lite/18.1/nios2eds/bin/gnu/h-x86_64-mingw32/bin/../lib/gcc/nios2-elf/5.3.0/mno-hw-mul\libgcc.a(floatsisf.o)
 .debug_aranges
                0x00000000000000d0       0x20 c:/intelfpga_lite/18.1/nios2eds/bin/gnu/h-x86_64-mingw32/bin/../lib/gcc/nios2-elf/5.3.0/mno-hw-mul\libgcc.a(extendsfdf2.o)
 .debug_aranges
                0x00000000000000f0       0x20 c:/intelfpga_lite/18.1/nios2eds/bin/gnu/h-x86_64-mingw32/bin/../lib/gcc/nios2-elf/5.3.0/mno-hw-mul\libgcc.a(_clzsi2.o)
 .debug_aranges
                0x0000000000000110       0x20 c:/intelfpga_lite/18.1/nios2eds/bin/gnu/h-x86_64-mingw32/bin/../lib/gcc/nios2-elf/5.3.0/mno-hw-mul\libgcc.a(lib2-mul.o)
 .debug_aranges
                0x0000000000000130       0x18 c:/intelfpga_lite/18.1/nios2eds/bin/gnu/h-x86_64-mingw32/bin/../lib/gcc/nios2-elf/5.3.0/mno-hw-mul\libgcc.a(_clz.o)
 .debug_aranges
                0x0000000000000148       0x20 ../accelerometer_bsp/\libhal_bsp.a(alt_getchar.o)
 .debug_aranges
                0x0000000000000168       0x20 ../accelerometer_bsp/\libhal_bsp.a(alt_irq_register.o)
 .debug_aranges
                0x0000000000000188       0x18 ../accelerometer_bsp/\libhal_bsp.a(alt_irq_vars.o)
 .debug_aranges
                0x00000000000001a0       0x20 ../accelerometer_bsp/\libhal_bsp.a(alt_load.o)
 .debug_aranges
                0x00000000000001c0       0x20 ../accelerometer_bsp/\libhal_bsp.a(alt_main.o)
 .debug_aranges
                0x00000000000001e0       0x20 ../accelerometer_bsp/\libhal_bsp.a(alt_printf.o)
 .debug_aranges
                0x0000000000000200       0x20 ../accelerometer_bsp/\libhal_bsp.a(alt_putchar.o)
 .debug_aranges
                0x0000000000000220       0x20 ../accelerometer_bsp/\libhal_bsp.a(alt_putstr.o)
 .debug_aranges
                0x0000000000000240       0x20 ../accelerometer_bsp/\libhal_bsp.a(alt_sys_init.o)
 .debug_aranges
                0x0000000000000260       0x20 ../accelerometer_bsp/\libhal_bsp.a(altera_avalon_jtag_uart_read.o)
 .debug_aranges
                0x0000000000000280       0x20 ../accelerometer_bsp/\libhal_bsp.a(altera_avalon_jtag_uart_write.o)
 .debug_aranges
                0x00000000000002a0       0x20 ../accelerometer_bsp/\libhal_bsp.a(altera_up_avalon_accelerometer_spi.o)
 .debug_aranges
                0x00000000000002c0       0x20 ../accelerometer_bsp/\libhal_bsp.a(alt_dcache_flush_all.o)
 .debug_aranges
                0x00000000000002e0       0x20 ../accelerometer_bsp/\libhal_bsp.a(alt_dev.o)
 .debug_aranges
                0x0000000000000300       0x20 ../accelerometer_bsp/\libhal_bsp.a(alt_dev_llist_insert.o)
 .debug_aranges
                0x0000000000000320       0x18 ../accelerometer_bsp/\libhal_bsp.a(alt_errno.o)
 .debug_aranges
                0x0000000000000338       0x20 ../accelerometer_bsp/\libhal_bsp.a(alt_find_dev.o)
 .debug_aranges
                0x0000000000000358       0x20 ../accelerometer_bsp/\libhal_bsp.a(alt_icache_flush_all.o)
 .debug_aranges
                0x0000000000000378       0x30 ../accelerometer_bsp/\libhal_bsp.a(alt_irq_entry.o)
 .debug_aranges
                0x00000000000003a8       0x20 ../accelerometer_bsp/\libhal_bsp.a(alt_irq_handler.o)
 .debug_aranges
                0x00000000000003c8       0x20 ../accelerometer_bsp/\libhal_bsp.a(altera_nios2_gen2_irq.o)
 .debug_aranges
                0x00000000000003e8       0x38 ../accelerometer_bsp/\libhal_bsp.a(alt_exception_entry.o)
 .debug_aranges
                0x0000000000000420       0x28 ../accelerometer_bsp/\libhal_bsp.a(alt_instruction_exception_entry.o)
 .debug_aranges
                0x0000000000000448       0x18 c:/intelfpga_lite/18.1/nios2eds/bin/gnu/h-x86_64-mingw32/bin/../lib/gcc/nios2-elf/5.3.0/../../../../../H-x86_64-mingw32/nios2-elf/lib/mno-hw-mul\libsmallc.a(lib_a-int_errno.o)
 .debug_aranges
                0x0000000000000460       0x20 c:/intelfpga_lite/18.1/nios2eds/bin/gnu/h-x86_64-mingw32/bin/../lib/gcc/nios2-elf/5.3.0/../../../../../H-x86_64-mingw32/nios2-elf/lib/mno-hw-mul\libsmallc.a(lib_a-memcmp.o)
 .debug_aranges
                0x0000000000000480       0x20 c:/intelfpga_lite/18.1/nios2eds/bin/gnu/h-x86_64-mingw32/bin/../lib/gcc/nios2-elf/5.3.0/../../../../../H-x86_64-mingw32/nios2-elf/lib/mno-hw-mul\libsmallc.a(lib_a-strlen.o)

.debug_pubnames
 *(.debug_pubnames)

.debug_info     0x0000000000000000     0x4328
 *(.debug_info .gnu.linkonce.wi.*)
 .debug_info    0x0000000000000000       0x96 ../accelerometer_bsp//obj/HAL/src/crt0.o
 .debug_info    0x0000000000000096      0x75f obj/default/hello_world_small.o
 .debug_info    0x00000000000007f5      0x2b7 c:/intelfpga_lite/18.1/nios2eds/bin/gnu/h-x86_64-mingw32/bin/../lib/gcc/nios2-elf/5.3.0/mno-hw-mul\libgcc.a(addsf3.o)
 .debug_info    0x0000000000000aac      0x31d c:/intelfpga_lite/18.1/nios2eds/bin/gnu/h-x86_64-mingw32/bin/../lib/gcc/nios2-elf/5.3.0/mno-hw-mul\libgcc.a(mulsf3.o)
 .debug_info    0x0000000000000dc9      0x18b c:/intelfpga_lite/18.1/nios2eds/bin/gnu/h-x86_64-mingw32/bin/../lib/gcc/nios2-elf/5.3.0/mno-hw-mul\libgcc.a(fixsfsi.o)
 .debug_info    0x0000000000000f54      0x1c7 c:/intelfpga_lite/18.1/nios2eds/bin/gnu/h-x86_64-mingw32/bin/../lib/gcc/nios2-elf/5.3.0/mno-hw-mul\libgcc.a(floatsisf.o)
 .debug_info    0x000000000000111b      0x248 c:/intelfpga_lite/18.1/nios2eds/bin/gnu/h-x86_64-mingw32/bin/../lib/gcc/nios2-elf/5.3.0/mno-hw-mul\libgcc.a(extendsfdf2.o)
 .debug_info    0x0000000000001363      0x124 c:/intelfpga_lite/18.1/nios2eds/bin/gnu/h-x86_64-mingw32/bin/../lib/gcc/nios2-elf/5.3.0/mno-hw-mul\libgcc.a(_clzsi2.o)
 .debug_info    0x0000000000001487       0xb4 c:/intelfpga_lite/18.1/nios2eds/bin/gnu/h-x86_64-mingw32/bin/../lib/gcc/nios2-elf/5.3.0/mno-hw-mul\libgcc.a(lib2-mul.o)
 .debug_info    0x000000000000153b       0xb2 c:/intelfpga_lite/18.1/nios2eds/bin/gnu/h-x86_64-mingw32/bin/../lib/gcc/nios2-elf/5.3.0/mno-hw-mul\libgcc.a(_clz.o)
 .debug_info    0x00000000000015ed      0x32d ../accelerometer_bsp/\libhal_bsp.a(alt_getchar.o)
 .debug_info    0x000000000000191a      0x30d ../accelerometer_bsp/\libhal_bsp.a(alt_irq_register.o)
 .debug_info    0x0000000000001c27       0x88 ../accelerometer_bsp/\libhal_bsp.a(alt_irq_vars.o)
 .debug_info    0x0000000000001caf      0x1c9 ../accelerometer_bsp/\libhal_bsp.a(alt_load.o)
 .debug_info    0x0000000000001e78      0x18f ../accelerometer_bsp/\libhal_bsp.a(alt_main.o)
 .debug_info    0x0000000000002007      0x14d ../accelerometer_bsp/\libhal_bsp.a(alt_printf.o)
 .debug_info    0x0000000000002154      0x12a ../accelerometer_bsp/\libhal_bsp.a(alt_putchar.o)
 .debug_info    0x000000000000227e      0x13a ../accelerometer_bsp/\libhal_bsp.a(alt_putstr.o)
 .debug_info    0x00000000000023b8      0x459 ../accelerometer_bsp/\libhal_bsp.a(alt_sys_init.o)
 .debug_info    0x0000000000002811      0x1ca ../accelerometer_bsp/\libhal_bsp.a(altera_avalon_jtag_uart_read.o)
 .debug_info    0x00000000000029db      0x1ad ../accelerometer_bsp/\libhal_bsp.a(altera_avalon_jtag_uart_write.o)
 .debug_info    0x0000000000002b88      0x479 ../accelerometer_bsp/\libhal_bsp.a(altera_up_avalon_accelerometer_spi.o)
 .debug_info    0x0000000000003001       0x92 ../accelerometer_bsp/\libhal_bsp.a(alt_dcache_flush_all.o)
 .debug_info    0x0000000000003093      0x499 ../accelerometer_bsp/\libhal_bsp.a(alt_dev.o)
 .debug_info    0x000000000000352c      0x1b3 ../accelerometer_bsp/\libhal_bsp.a(alt_dev_llist_insert.o)
 .debug_info    0x00000000000036df       0xa6 ../accelerometer_bsp/\libhal_bsp.a(alt_errno.o)
 .debug_info    0x0000000000003785      0x32d ../accelerometer_bsp/\libhal_bsp.a(alt_find_dev.o)
 .debug_info    0x0000000000003ab2       0x92 ../accelerometer_bsp/\libhal_bsp.a(alt_icache_flush_all.o)
 .debug_info    0x0000000000003b44       0x9f ../accelerometer_bsp/\libhal_bsp.a(alt_irq_entry.o)
 .debug_info    0x0000000000003be3      0x1a4 ../accelerometer_bsp/\libhal_bsp.a(alt_irq_handler.o)
 .debug_info    0x0000000000003d87       0xb8 ../accelerometer_bsp/\libhal_bsp.a(altera_nios2_gen2_irq.o)
 .debug_info    0x0000000000003e3f       0xa5 ../accelerometer_bsp/\libhal_bsp.a(alt_exception_entry.o)
 .debug_info    0x0000000000003ee4      0x1fd ../accelerometer_bsp/\libhal_bsp.a(alt_instruction_exception_entry.o)
 .debug_info    0x00000000000040e1       0x8a c:/intelfpga_lite/18.1/nios2eds/bin/gnu/h-x86_64-mingw32/bin/../lib/gcc/nios2-elf/5.3.0/../../../../../H-x86_64-mingw32/nios2-elf/lib/mno-hw-mul\libsmallc.a(lib_a-int_errno.o)
 .debug_info    0x000000000000416b       0xf4 c:/intelfpga_lite/18.1/nios2eds/bin/gnu/h-x86_64-mingw32/bin/../lib/gcc/nios2-elf/5.3.0/../../../../../H-x86_64-mingw32/nios2-elf/lib/mno-hw-mul\libsmallc.a(lib_a-memcmp.o)
 .debug_info    0x000000000000425f       0xc9 c:/intelfpga_lite/18.1/nios2eds/bin/gnu/h-x86_64-mingw32/bin/../lib/gcc/nios2-elf/5.3.0/../../../../../H-x86_64-mingw32/nios2-elf/lib/mno-hw-mul\libsmallc.a(lib_a-strlen.o)

.debug_abbrev   0x0000000000000000     0x1dca
 *(.debug_abbrev)
 .debug_abbrev  0x0000000000000000       0x12 ../accelerometer_bsp//obj/HAL/src/crt0.o
 .debug_abbrev  0x0000000000000012      0x270 obj/default/hello_world_small.o
 .debug_abbrev  0x0000000000000282      0x13c c:/intelfpga_lite/18.1/nios2eds/bin/gnu/h-x86_64-mingw32/bin/../lib/gcc/nios2-elf/5.3.0/mno-hw-mul\libgcc.a(addsf3.o)
 .debug_abbrev  0x00000000000003be      0x12d c:/intelfpga_lite/18.1/nios2eds/bin/gnu/h-x86_64-mingw32/bin/../lib/gcc/nios2-elf/5.3.0/mno-hw-mul\libgcc.a(mulsf3.o)
 .debug_abbrev  0x00000000000004eb      0x135 c:/intelfpga_lite/18.1/nios2eds/bin/gnu/h-x86_64-mingw32/bin/../lib/gcc/nios2-elf/5.3.0/mno-hw-mul\libgcc.a(fixsfsi.o)
 .debug_abbrev  0x0000000000000620      0x147 c:/intelfpga_lite/18.1/nios2eds/bin/gnu/h-x86_64-mingw32/bin/../lib/gcc/nios2-elf/5.3.0/mno-hw-mul\libgcc.a(floatsisf.o)
 .debug_abbrev  0x0000000000000767      0x124 c:/intelfpga_lite/18.1/nios2eds/bin/gnu/h-x86_64-mingw32/bin/../lib/gcc/nios2-elf/5.3.0/mno-hw-mul\libgcc.a(extendsfdf2.o)
 .debug_abbrev  0x000000000000088b       0xbe c:/intelfpga_lite/18.1/nios2eds/bin/gnu/h-x86_64-mingw32/bin/../lib/gcc/nios2-elf/5.3.0/mno-hw-mul\libgcc.a(_clzsi2.o)
 .debug_abbrev  0x0000000000000949       0x6f c:/intelfpga_lite/18.1/nios2eds/bin/gnu/h-x86_64-mingw32/bin/../lib/gcc/nios2-elf/5.3.0/mno-hw-mul\libgcc.a(lib2-mul.o)
 .debug_abbrev  0x00000000000009b8       0x5d c:/intelfpga_lite/18.1/nios2eds/bin/gnu/h-x86_64-mingw32/bin/../lib/gcc/nios2-elf/5.3.0/mno-hw-mul\libgcc.a(_clz.o)
 .debug_abbrev  0x0000000000000a15      0x11d ../accelerometer_bsp/\libhal_bsp.a(alt_getchar.o)
 .debug_abbrev  0x0000000000000b32      0x1a5 ../accelerometer_bsp/\libhal_bsp.a(alt_irq_register.o)
 .debug_abbrev  0x0000000000000cd7       0x40 ../accelerometer_bsp/\libhal_bsp.a(alt_irq_vars.o)
 .debug_abbrev  0x0000000000000d17       0xd8 ../accelerometer_bsp/\libhal_bsp.a(alt_load.o)
 .debug_abbrev  0x0000000000000def       0xf5 ../accelerometer_bsp/\libhal_bsp.a(alt_main.o)
 .debug_abbrev  0x0000000000000ee4       0xd5 ../accelerometer_bsp/\libhal_bsp.a(alt_printf.o)
 .debug_abbrev  0x0000000000000fb9       0xd2 ../accelerometer_bsp/\libhal_bsp.a(alt_putchar.o)
 .debug_abbrev  0x000000000000108b       0xd3 ../accelerometer_bsp/\libhal_bsp.a(alt_putstr.o)
 .debug_abbrev  0x000000000000115e      0x1a5 ../accelerometer_bsp/\libhal_bsp.a(alt_sys_init.o)
 .debug_abbrev  0x0000000000001303      0x102 ../accelerometer_bsp/\libhal_bsp.a(altera_avalon_jtag_uart_read.o)
 .debug_abbrev  0x0000000000001405       0xd5 ../accelerometer_bsp/\libhal_bsp.a(altera_avalon_jtag_uart_write.o)
 .debug_abbrev  0x00000000000014da      0x119 ../accelerometer_bsp/\libhal_bsp.a(altera_up_avalon_accelerometer_spi.o)
 .debug_abbrev  0x00000000000015f3       0x42 ../accelerometer_bsp/\libhal_bsp.a(alt_dcache_flush_all.o)
 .debug_abbrev  0x0000000000001635       0xd9 ../accelerometer_bsp/\libhal_bsp.a(alt_dev.o)
 .debug_abbrev  0x000000000000170e      0x11c ../accelerometer_bsp/\libhal_bsp.a(alt_dev_llist_insert.o)
 .debug_abbrev  0x000000000000182a       0x5a ../accelerometer_bsp/\libhal_bsp.a(alt_errno.o)
 .debug_abbrev  0x0000000000001884      0x125 ../accelerometer_bsp/\libhal_bsp.a(alt_find_dev.o)
 .debug_abbrev  0x00000000000019a9       0x42 ../accelerometer_bsp/\libhal_bsp.a(alt_icache_flush_all.o)
 .debug_abbrev  0x00000000000019eb       0x12 ../accelerometer_bsp/\libhal_bsp.a(alt_irq_entry.o)
 .debug_abbrev  0x00000000000019fd      0x138 ../accelerometer_bsp/\libhal_bsp.a(alt_irq_handler.o)
 .debug_abbrev  0x0000000000001b35       0x67 ../accelerometer_bsp/\libhal_bsp.a(altera_nios2_gen2_irq.o)
 .debug_abbrev  0x0000000000001b9c       0x12 ../accelerometer_bsp/\libhal_bsp.a(alt_exception_entry.o)
 .debug_abbrev  0x0000000000001bae       0xe7 ../accelerometer_bsp/\libhal_bsp.a(alt_instruction_exception_entry.o)
 .debug_abbrev  0x0000000000001c95       0x37 c:/intelfpga_lite/18.1/nios2eds/bin/gnu/h-x86_64-mingw32/bin/../lib/gcc/nios2-elf/5.3.0/../../../../../H-x86_64-mingw32/nios2-elf/lib/mno-hw-mul\libsmallc.a(lib_a-int_errno.o)
 .debug_abbrev  0x0000000000001ccc       0x7f c:/intelfpga_lite/18.1/nios2eds/bin/gnu/h-x86_64-mingw32/bin/../lib/gcc/nios2-elf/5.3.0/../../../../../H-x86_64-mingw32/nios2-elf/lib/mno-hw-mul\libsmallc.a(lib_a-memcmp.o)
 .debug_abbrev  0x0000000000001d4b       0x7f c:/intelfpga_lite/18.1/nios2eds/bin/gnu/h-x86_64-mingw32/bin/../lib/gcc/nios2-elf/5.3.0/../../../../../H-x86_64-mingw32/nios2-elf/lib/mno-hw-mul\libsmallc.a(lib_a-strlen.o)

.debug_line     0x0000000000000000     0x1e0f
 *(.debug_line)
 .debug_line    0x0000000000000000       0x66 ../accelerometer_bsp//obj/HAL/src/crt0.o
 .debug_line    0x0000000000000066      0x1cc obj/default/hello_world_small.o
 .debug_line    0x0000000000000232      0x28a c:/intelfpga_lite/18.1/nios2eds/bin/gnu/h-x86_64-mingw32/bin/../lib/gcc/nios2-elf/5.3.0/mno-hw-mul\libgcc.a(addsf3.o)
 .debug_line    0x00000000000004bc      0x15c c:/intelfpga_lite/18.1/nios2eds/bin/gnu/h-x86_64-mingw32/bin/../lib/gcc/nios2-elf/5.3.0/mno-hw-mul\libgcc.a(mulsf3.o)
 .debug_line    0x0000000000000618       0x9a c:/intelfpga_lite/18.1/nios2eds/bin/gnu/h-x86_64-mingw32/bin/../lib/gcc/nios2-elf/5.3.0/mno-hw-mul\libgcc.a(fixsfsi.o)
 .debug_line    0x00000000000006b2       0xb3 c:/intelfpga_lite/18.1/nios2eds/bin/gnu/h-x86_64-mingw32/bin/../lib/gcc/nios2-elf/5.3.0/mno-hw-mul\libgcc.a(floatsisf.o)
 .debug_line    0x0000000000000765       0xc4 c:/intelfpga_lite/18.1/nios2eds/bin/gnu/h-x86_64-mingw32/bin/../lib/gcc/nios2-elf/5.3.0/mno-hw-mul\libgcc.a(extendsfdf2.o)
 .debug_line    0x0000000000000829       0xbd c:/intelfpga_lite/18.1/nios2eds/bin/gnu/h-x86_64-mingw32/bin/../lib/gcc/nios2-elf/5.3.0/mno-hw-mul\libgcc.a(_clzsi2.o)
 .debug_line    0x00000000000008e6       0x80 c:/intelfpga_lite/18.1/nios2eds/bin/gnu/h-x86_64-mingw32/bin/../lib/gcc/nios2-elf/5.3.0/mno-hw-mul\libgcc.a(lib2-mul.o)
 .debug_line    0x0000000000000966       0x56 c:/intelfpga_lite/18.1/nios2eds/bin/gnu/h-x86_64-mingw32/bin/../lib/gcc/nios2-elf/5.3.0/mno-hw-mul\libgcc.a(_clz.o)
 .debug_line    0x00000000000009bc       0xb7 ../accelerometer_bsp/\libhal_bsp.a(alt_getchar.o)
 .debug_line    0x0000000000000a73       0xed ../accelerometer_bsp/\libhal_bsp.a(alt_irq_register.o)
 .debug_line    0x0000000000000b60       0x50 ../accelerometer_bsp/\libhal_bsp.a(alt_irq_vars.o)
 .debug_line    0x0000000000000bb0       0xa4 ../accelerometer_bsp/\libhal_bsp.a(alt_load.o)
 .debug_line    0x0000000000000c54       0xea ../accelerometer_bsp/\libhal_bsp.a(alt_main.o)
 .debug_line    0x0000000000000d3e      0x112 ../accelerometer_bsp/\libhal_bsp.a(alt_printf.o)
 .debug_line    0x0000000000000e50       0x55 ../accelerometer_bsp/\libhal_bsp.a(alt_putchar.o)
 .debug_line    0x0000000000000ea5       0xa0 ../accelerometer_bsp/\libhal_bsp.a(alt_putstr.o)
 .debug_line    0x0000000000000f45      0x178 ../accelerometer_bsp/\libhal_bsp.a(alt_sys_init.o)
 .debug_line    0x00000000000010bd      0x10f ../accelerometer_bsp/\libhal_bsp.a(altera_avalon_jtag_uart_read.o)
 .debug_line    0x00000000000011cc      0x104 ../accelerometer_bsp/\libhal_bsp.a(altera_avalon_jtag_uart_write.o)
 .debug_line    0x00000000000012d0      0x131 ../accelerometer_bsp/\libhal_bsp.a(altera_up_avalon_accelerometer_spi.o)
 .debug_line    0x0000000000001401       0x4e ../accelerometer_bsp/\libhal_bsp.a(alt_dcache_flush_all.o)
 .debug_line    0x000000000000144f       0xf6 ../accelerometer_bsp/\libhal_bsp.a(alt_dev.o)
 .debug_line    0x0000000000001545       0xd8 ../accelerometer_bsp/\libhal_bsp.a(alt_dev_llist_insert.o)
 .debug_line    0x000000000000161d       0x51 ../accelerometer_bsp/\libhal_bsp.a(alt_errno.o)
 .debug_line    0x000000000000166e      0x107 ../accelerometer_bsp/\libhal_bsp.a(alt_find_dev.o)
 .debug_line    0x0000000000001775       0x4e ../accelerometer_bsp/\libhal_bsp.a(alt_icache_flush_all.o)
 .debug_line    0x00000000000017c3       0x6b ../accelerometer_bsp/\libhal_bsp.a(alt_irq_entry.o)
 .debug_line    0x000000000000182e       0xc8 ../accelerometer_bsp/\libhal_bsp.a(alt_irq_handler.o)
 .debug_line    0x00000000000018f6       0x8c ../accelerometer_bsp/\libhal_bsp.a(altera_nios2_gen2_irq.o)
 .debug_line    0x0000000000001982       0xb3 ../accelerometer_bsp/\libhal_bsp.a(alt_exception_entry.o)
 .debug_line    0x0000000000001a35       0xbf ../accelerometer_bsp/\libhal_bsp.a(alt_instruction_exception_entry.o)
 .debug_line    0x0000000000001af4       0x5f c:/intelfpga_lite/18.1/nios2eds/bin/gnu/h-x86_64-mingw32/bin/../lib/gcc/nios2-elf/5.3.0/../../../../../H-x86_64-mingw32/nios2-elf/lib/mno-hw-mul\libsmallc.a(lib_a-int_errno.o)
 .debug_line    0x0000000000001b53      0x160 c:/intelfpga_lite/18.1/nios2eds/bin/gnu/h-x86_64-mingw32/bin/../lib/gcc/nios2-elf/5.3.0/../../../../../H-x86_64-mingw32/nios2-elf/lib/mno-hw-mul\libsmallc.a(lib_a-memcmp.o)
 .debug_line    0x0000000000001cb3      0x15c c:/intelfpga_lite/18.1/nios2eds/bin/gnu/h-x86_64-mingw32/bin/../lib/gcc/nios2-elf/5.3.0/../../../../../H-x86_64-mingw32/nios2-elf/lib/mno-hw-mul\libsmallc.a(lib_a-strlen.o)

.debug_frame    0x0000000000000000      0x620
 *(.debug_frame)
 .debug_frame   0x0000000000000000       0xd8 obj/default/hello_world_small.o
 .debug_frame   0x00000000000000d8       0x3c c:/intelfpga_lite/18.1/nios2eds/bin/gnu/h-x86_64-mingw32/bin/../lib/gcc/nios2-elf/5.3.0/mno-hw-mul\libgcc.a(addsf3.o)
 .debug_frame   0x0000000000000114       0x58 c:/intelfpga_lite/18.1/nios2eds/bin/gnu/h-x86_64-mingw32/bin/../lib/gcc/nios2-elf/5.3.0/mno-hw-mul\libgcc.a(mulsf3.o)
 .debug_frame   0x000000000000016c       0x20 c:/intelfpga_lite/18.1/nios2eds/bin/gnu/h-x86_64-mingw32/bin/../lib/gcc/nios2-elf/5.3.0/mno-hw-mul\libgcc.a(fixsfsi.o)
 .debug_frame   0x000000000000018c       0x38 c:/intelfpga_lite/18.1/nios2eds/bin/gnu/h-x86_64-mingw32/bin/../lib/gcc/nios2-elf/5.3.0/mno-hw-mul\libgcc.a(floatsisf.o)
 .debug_frame   0x00000000000001c4       0x38 c:/intelfpga_lite/18.1/nios2eds/bin/gnu/h-x86_64-mingw32/bin/../lib/gcc/nios2-elf/5.3.0/mno-hw-mul\libgcc.a(extendsfdf2.o)
 .debug_frame   0x00000000000001fc       0x20 c:/intelfpga_lite/18.1/nios2eds/bin/gnu/h-x86_64-mingw32/bin/../lib/gcc/nios2-elf/5.3.0/mno-hw-mul\libgcc.a(_clzsi2.o)
 .debug_frame   0x000000000000021c       0x20 c:/intelfpga_lite/18.1/nios2eds/bin/gnu/h-x86_64-mingw32/bin/../lib/gcc/nios2-elf/5.3.0/mno-hw-mul\libgcc.a(lib2-mul.o)
 .debug_frame   0x000000000000023c       0x2c ../accelerometer_bsp/\libhal_bsp.a(alt_getchar.o)
 .debug_frame   0x0000000000000268       0x20 ../accelerometer_bsp/\libhal_bsp.a(alt_irq_register.o)
 .debug_frame   0x0000000000000288       0x30 ../accelerometer_bsp/\libhal_bsp.a(alt_load.o)
 .debug_frame   0x00000000000002b8       0x2c ../accelerometer_bsp/\libhal_bsp.a(alt_main.o)
 .debug_frame   0x00000000000002e4       0x54 ../accelerometer_bsp/\libhal_bsp.a(alt_printf.o)
 .debug_frame   0x0000000000000338       0x30 ../accelerometer_bsp/\libhal_bsp.a(alt_putchar.o)
 .debug_frame   0x0000000000000368       0x30 ../accelerometer_bsp/\libhal_bsp.a(alt_putstr.o)
 .debug_frame   0x0000000000000398       0x3c ../accelerometer_bsp/\libhal_bsp.a(alt_sys_init.o)
 .debug_frame   0x00000000000003d4       0x20 ../accelerometer_bsp/\libhal_bsp.a(altera_avalon_jtag_uart_read.o)
 .debug_frame   0x00000000000003f4       0x20 ../accelerometer_bsp/\libhal_bsp.a(altera_avalon_jtag_uart_write.o)
 .debug_frame   0x0000000000000414       0x80 ../accelerometer_bsp/\libhal_bsp.a(altera_up_avalon_accelerometer_spi.o)
 .debug_frame   0x0000000000000494       0x20 ../accelerometer_bsp/\libhal_bsp.a(alt_dcache_flush_all.o)
 .debug_frame   0x00000000000004b4       0x20 ../accelerometer_bsp/\libhal_bsp.a(alt_dev.o)
 .debug_frame   0x00000000000004d4       0x2c ../accelerometer_bsp/\libhal_bsp.a(alt_dev_llist_insert.o)
 .debug_frame   0x0000000000000500       0x3c ../accelerometer_bsp/\libhal_bsp.a(alt_find_dev.o)
 .debug_frame   0x000000000000053c       0x20 ../accelerometer_bsp/\libhal_bsp.a(alt_icache_flush_all.o)
 .debug_frame   0x000000000000055c       0x34 ../accelerometer_bsp/\libhal_bsp.a(alt_irq_handler.o)
 .debug_frame   0x0000000000000590       0x20 ../accelerometer_bsp/\libhal_bsp.a(altera_nios2_gen2_irq.o)
 .debug_frame   0x00000000000005b0       0x30 ../accelerometer_bsp/\libhal_bsp.a(alt_instruction_exception_entry.o)
 .debug_frame   0x00000000000005e0       0x20 c:/intelfpga_lite/18.1/nios2eds/bin/gnu/h-x86_64-mingw32/bin/../lib/gcc/nios2-elf/5.3.0/../../../../../H-x86_64-mingw32/nios2-elf/lib/mno-hw-mul\libsmallc.a(lib_a-memcmp.o)
 .debug_frame   0x0000000000000600       0x20 c:/intelfpga_lite/18.1/nios2eds/bin/gnu/h-x86_64-mingw32/bin/../lib/gcc/nios2-elf/5.3.0/../../../../../H-x86_64-mingw32/nios2-elf/lib/mno-hw-mul\libsmallc.a(lib_a-strlen.o)

.debug_str      0x0000000000000000     0x16ec
 *(.debug_str)
 .debug_str     0x0000000000000000      0x32b obj/default/hello_world_small.o
                                        0x39e (size before relaxing)
 .debug_str     0x000000000000032b      0x203 c:/intelfpga_lite/18.1/nios2eds/bin/gnu/h-x86_64-mingw32/bin/../lib/gcc/nios2-elf/5.3.0/mno-hw-mul\libgcc.a(addsf3.o)
                                        0x283 (size before relaxing)
 .debug_str     0x000000000000052e       0xd1 c:/intelfpga_lite/18.1/nios2eds/bin/gnu/h-x86_64-mingw32/bin/../lib/gcc/nios2-elf/5.3.0/mno-hw-mul\libgcc.a(mulsf3.o)
                                        0x2a0 (size before relaxing)
 .debug_str     0x00000000000005ff       0x56 c:/intelfpga_lite/18.1/nios2eds/bin/gnu/h-x86_64-mingw32/bin/../lib/gcc/nios2-elf/5.3.0/mno-hw-mul\libgcc.a(fixsfsi.o)
                                        0x219 (size before relaxing)
 .debug_str     0x0000000000000655       0x6c c:/intelfpga_lite/18.1/nios2eds/bin/gnu/h-x86_64-mingw32/bin/../lib/gcc/nios2-elf/5.3.0/mno-hw-mul\libgcc.a(floatsisf.o)
                                        0x24e (size before relaxing)
 .debug_str     0x00000000000006c1       0x8c c:/intelfpga_lite/18.1/nios2eds/bin/gnu/h-x86_64-mingw32/bin/../lib/gcc/nios2-elf/5.3.0/mno-hw-mul\libgcc.a(extendsfdf2.o)
                                        0x24f (size before relaxing)
 .debug_str     0x000000000000074d       0x66 c:/intelfpga_lite/18.1/nios2eds/bin/gnu/h-x86_64-mingw32/bin/../lib/gcc/nios2-elf/5.3.0/mno-hw-mul\libgcc.a(_clzsi2.o)
                                        0x200 (size before relaxing)
 .debug_str     0x00000000000007b3       0x40 c:/intelfpga_lite/18.1/nios2eds/bin/gnu/h-x86_64-mingw32/bin/../lib/gcc/nios2-elf/5.3.0/mno-hw-mul\libgcc.a(lib2-mul.o)
                                        0x193 (size before relaxing)
 .debug_str     0x00000000000007f3      0x1e3 c:/intelfpga_lite/18.1/nios2eds/bin/gnu/h-x86_64-mingw32/bin/../lib/gcc/nios2-elf/5.3.0/mno-hw-mul\libgcc.a(_clz.o)
 .debug_str     0x00000000000007f3       0xcb ../accelerometer_bsp/\libhal_bsp.a(alt_getchar.o)
                                        0x25e (size before relaxing)
 .debug_str     0x00000000000008be       0x9d ../accelerometer_bsp/\libhal_bsp.a(alt_irq_register.o)
                                        0x230 (size before relaxing)
 .debug_str     0x000000000000095b       0x17 ../accelerometer_bsp/\libhal_bsp.a(alt_irq_vars.o)
                                        0x162 (size before relaxing)
 .debug_str     0x0000000000000972      0x113 ../accelerometer_bsp/\libhal_bsp.a(alt_load.o)
                                        0x264 (size before relaxing)
 .debug_str     0x0000000000000a85       0x5e ../accelerometer_bsp/\libhal_bsp.a(alt_main.o)
                                        0x206 (size before relaxing)
 .debug_str     0x0000000000000ae3       0x59 ../accelerometer_bsp/\libhal_bsp.a(alt_printf.o)
                                        0x12e (size before relaxing)
 .debug_str     0x0000000000000b3c       0x34 ../accelerometer_bsp/\libhal_bsp.a(alt_putchar.o)
                                        0x1b3 (size before relaxing)
 .debug_str     0x0000000000000b70       0x1c ../accelerometer_bsp/\libhal_bsp.a(alt_putstr.o)
                                        0x1b8 (size before relaxing)
 .debug_str     0x0000000000000b8c       0xfa ../accelerometer_bsp/\libhal_bsp.a(alt_sys_init.o)
                                        0x372 (size before relaxing)
 .debug_str     0x0000000000000c86       0x36 ../accelerometer_bsp/\libhal_bsp.a(altera_avalon_jtag_uart_read.o)
                                        0x268 (size before relaxing)
 .debug_str     0x0000000000000cbc       0x32 ../accelerometer_bsp/\libhal_bsp.a(altera_avalon_jtag_uart_write.o)
                                        0x25e (size before relaxing)
 .debug_str     0x0000000000000cee       0xfe ../accelerometer_bsp/\libhal_bsp.a(altera_up_avalon_accelerometer_spi.o)
                                        0x376 (size before relaxing)
 .debug_str     0x0000000000000dec       0x1f ../accelerometer_bsp/\libhal_bsp.a(alt_dcache_flush_all.o)
                                        0x17d (size before relaxing)
 .debug_str     0x0000000000000e0b      0x119 ../accelerometer_bsp/\libhal_bsp.a(alt_dev.o)
                                        0x32d (size before relaxing)
 .debug_str     0x0000000000000f24       0x48 ../accelerometer_bsp/\libhal_bsp.a(alt_dev_llist_insert.o)
                                        0x1f4 (size before relaxing)
 .debug_str     0x0000000000000f6c       0x14 ../accelerometer_bsp/\libhal_bsp.a(alt_errno.o)
                                        0x16d (size before relaxing)
 .debug_str     0x0000000000000f80       0x1e ../accelerometer_bsp/\libhal_bsp.a(alt_find_dev.o)
                                        0x222 (size before relaxing)
 .debug_str     0x0000000000000f9e       0x1f ../accelerometer_bsp/\libhal_bsp.a(alt_icache_flush_all.o)
                                        0x17d (size before relaxing)
 .debug_str     0x0000000000000fbd       0x3a ../accelerometer_bsp/\libhal_bsp.a(alt_irq_handler.o)
                                        0x1e0 (size before relaxing)
 .debug_str     0x0000000000000ff7       0x20 ../accelerometer_bsp/\libhal_bsp.a(altera_nios2_gen2_irq.o)
                                        0x1ad (size before relaxing)
 .debug_str     0x0000000000001017      0x48b ../accelerometer_bsp/\libhal_bsp.a(alt_instruction_exception_entry.o)
                                        0x5c8 (size before relaxing)
 .debug_str     0x00000000000014a2      0x134 c:/intelfpga_lite/18.1/nios2eds/bin/gnu/h-x86_64-mingw32/bin/../lib/gcc/nios2-elf/5.3.0/../../../../../H-x86_64-mingw32/nios2-elf/lib/mno-hw-mul\libsmallc.a(lib_a-int_errno.o)
                                        0x1d8 (size before relaxing)
 .debug_str     0x00000000000015d6       0xd9 c:/intelfpga_lite/18.1/nios2eds/bin/gnu/h-x86_64-mingw32/bin/../lib/gcc/nios2-elf/5.3.0/../../../../../H-x86_64-mingw32/nios2-elf/lib/mno-hw-mul\libsmallc.a(lib_a-memcmp.o)
                                        0x1df (size before relaxing)
 .debug_str     0x00000000000016af       0x3d c:/intelfpga_lite/18.1/nios2eds/bin/gnu/h-x86_64-mingw32/bin/../lib/gcc/nios2-elf/5.3.0/../../../../../H-x86_64-mingw32/nios2-elf/lib/mno-hw-mul\libsmallc.a(lib_a-strlen.o)
                                        0x1e5 (size before relaxing)

.debug_loc      0x0000000000000000     0x21b2
 *(.debug_loc)
 .debug_loc     0x0000000000000000      0x24e obj/default/hello_world_small.o
 .debug_loc     0x000000000000024e      0xae0 c:/intelfpga_lite/18.1/nios2eds/bin/gnu/h-x86_64-mingw32/bin/../lib/gcc/nios2-elf/5.3.0/mno-hw-mul\libgcc.a(addsf3.o)
 .debug_loc     0x0000000000000d2e      0x733 c:/intelfpga_lite/18.1/nios2eds/bin/gnu/h-x86_64-mingw32/bin/../lib/gcc/nios2-elf/5.3.0/mno-hw-mul\libgcc.a(mulsf3.o)
 .debug_loc     0x0000000000001461       0xc3 c:/intelfpga_lite/18.1/nios2eds/bin/gnu/h-x86_64-mingw32/bin/../lib/gcc/nios2-elf/5.3.0/mno-hw-mul\libgcc.a(fixsfsi.o)
 .debug_loc     0x0000000000001524      0x187 c:/intelfpga_lite/18.1/nios2eds/bin/gnu/h-x86_64-mingw32/bin/../lib/gcc/nios2-elf/5.3.0/mno-hw-mul\libgcc.a(floatsisf.o)
 .debug_loc     0x00000000000016ab      0x26d c:/intelfpga_lite/18.1/nios2eds/bin/gnu/h-x86_64-mingw32/bin/../lib/gcc/nios2-elf/5.3.0/mno-hw-mul\libgcc.a(extendsfdf2.o)
 .debug_loc     0x0000000000001918       0x6b c:/intelfpga_lite/18.1/nios2eds/bin/gnu/h-x86_64-mingw32/bin/../lib/gcc/nios2-elf/5.3.0/mno-hw-mul\libgcc.a(_clzsi2.o)
 .debug_loc     0x0000000000001983       0x93 c:/intelfpga_lite/18.1/nios2eds/bin/gnu/h-x86_64-mingw32/bin/../lib/gcc/nios2-elf/5.3.0/mno-hw-mul\libgcc.a(lib2-mul.o)
 .debug_loc     0x0000000000001a16       0xfa ../accelerometer_bsp/\libhal_bsp.a(alt_irq_register.o)
 .debug_loc     0x0000000000001b10      0x1de ../accelerometer_bsp/\libhal_bsp.a(alt_printf.o)
 .debug_loc     0x0000000000001cee       0x2c ../accelerometer_bsp/\libhal_bsp.a(alt_putchar.o)
 .debug_loc     0x0000000000001d1a       0x37 ../accelerometer_bsp/\libhal_bsp.a(alt_putstr.o)
 .debug_loc     0x0000000000001d51       0x21 ../accelerometer_bsp/\libhal_bsp.a(alt_sys_init.o)
 .debug_loc     0x0000000000001d72       0xcd ../accelerometer_bsp/\libhal_bsp.a(altera_avalon_jtag_uart_read.o)
 .debug_loc     0x0000000000001e3f       0x8b ../accelerometer_bsp/\libhal_bsp.a(altera_avalon_jtag_uart_write.o)
 .debug_loc     0x0000000000001eca       0x63 ../accelerometer_bsp/\libhal_bsp.a(altera_up_avalon_accelerometer_spi.o)
 .debug_loc     0x0000000000001f2d       0x7e ../accelerometer_bsp/\libhal_bsp.a(alt_dev_llist_insert.o)
 .debug_loc     0x0000000000001fab       0x7e ../accelerometer_bsp/\libhal_bsp.a(alt_find_dev.o)
 .debug_loc     0x0000000000002029       0x72 ../accelerometer_bsp/\libhal_bsp.a(alt_irq_handler.o)
 .debug_loc     0x000000000000209b       0x65 ../accelerometer_bsp/\libhal_bsp.a(alt_instruction_exception_entry.o)
 .debug_loc     0x0000000000002100       0x94 c:/intelfpga_lite/18.1/nios2eds/bin/gnu/h-x86_64-mingw32/bin/../lib/gcc/nios2-elf/5.3.0/../../../../../H-x86_64-mingw32/nios2-elf/lib/mno-hw-mul\libsmallc.a(lib_a-memcmp.o)
 .debug_loc     0x0000000000002194       0x1e c:/intelfpga_lite/18.1/nios2eds/bin/gnu/h-x86_64-mingw32/bin/../lib/gcc/nios2-elf/5.3.0/../../../../../H-x86_64-mingw32/nios2-elf/lib/mno-hw-mul\libsmallc.a(lib_a-strlen.o)

.debug_macinfo
 *(.debug_macinfo)

.debug_weaknames
 *(.debug_weaknames)

.debug_funcnames
 *(.debug_funcnames)

.debug_typenames
 *(.debug_typenames)

.debug_varnames
 *(.debug_varnames)

.debug_alt_sim_info
                0x0000000000000000       0x10
 *(.debug_alt_sim_info)
 .debug_alt_sim_info
                0x0000000000000000       0x10 ../accelerometer_bsp//obj/HAL/src/crt0.o
                0x0000000000020000                __alt_data_end = 0x20000
                0x0000000000020000                PROVIDE (__alt_stack_pointer, __alt_data_end)
                [!provide]                        PROVIDE (__alt_stack_limit, __alt_stack_base)
                [!provide]                        PROVIDE (__alt_heap_start, end)
                [!provide]                        PROVIDE (__alt_heap_limit, 0x20000)
OUTPUT(accelerometer.elf elf32-littlenios2)

.debug_ranges   0x0000000000000000      0x460
 .debug_ranges  0x0000000000000000       0x20 ../accelerometer_bsp//obj/HAL/src/crt0.o
 .debug_ranges  0x0000000000000020       0x30 obj/default/hello_world_small.o
 .debug_ranges  0x0000000000000050      0x188 c:/intelfpga_lite/18.1/nios2eds/bin/gnu/h-x86_64-mingw32/bin/../lib/gcc/nios2-elf/5.3.0/mno-hw-mul\libgcc.a(addsf3.o)
 .debug_ranges  0x00000000000001d8       0x68 c:/intelfpga_lite/18.1/nios2eds/bin/gnu/h-x86_64-mingw32/bin/../lib/gcc/nios2-elf/5.3.0/mno-hw-mul\libgcc.a(mulsf3.o)
 .debug_ranges  0x0000000000000240       0x30 c:/intelfpga_lite/18.1/nios2eds/bin/gnu/h-x86_64-mingw32/bin/../lib/gcc/nios2-elf/5.3.0/mno-hw-mul\libgcc.a(fixsfsi.o)
 .debug_ranges  0x0000000000000270       0x38 c:/intelfpga_lite/18.1/nios2eds/bin/gnu/h-x86_64-mingw32/bin/../lib/gcc/nios2-elf/5.3.0/mno-hw-mul\libgcc.a(floatsisf.o)
 .debug_ranges  0x00000000000002a8       0x48 c:/intelfpga_lite/18.1/nios2eds/bin/gnu/h-x86_64-mingw32/bin/../lib/gcc/nios2-elf/5.3.0/mno-hw-mul\libgcc.a(extendsfdf2.o)
 .debug_ranges  0x00000000000002f0       0x18 c:/intelfpga_lite/18.1/nios2eds/bin/gnu/h-x86_64-mingw32/bin/../lib/gcc/nios2-elf/5.3.0/mno-hw-mul\libgcc.a(_clzsi2.o)
 .debug_ranges  0x0000000000000308       0x48 ../accelerometer_bsp/\libhal_bsp.a(alt_load.o)
 .debug_ranges  0x0000000000000350       0x18 ../accelerometer_bsp/\libhal_bsp.a(alt_printf.o)
 .debug_ranges  0x0000000000000368       0x18 ../accelerometer_bsp/\libhal_bsp.a(alt_sys_init.o)
 .debug_ranges  0x0000000000000380       0x20 ../accelerometer_bsp/\libhal_bsp.a(altera_avalon_jtag_uart_read.o)
 .debug_ranges  0x00000000000003a0       0x20 ../accelerometer_bsp/\libhal_bsp.a(alt_dev_llist_insert.o)
 .debug_ranges  0x00000000000003c0       0x28 ../accelerometer_bsp/\libhal_bsp.a(alt_irq_entry.o)
 .debug_ranges  0x00000000000003e8       0x10 ../accelerometer_bsp/\libhal_bsp.a(alt_irq_handler.o)
 .debug_ranges  0x00000000000003f8       0x30 ../accelerometer_bsp/\libhal_bsp.a(alt_exception_entry.o)
 .debug_ranges  0x0000000000000428       0x18 ../accelerometer_bsp/\libhal_bsp.a(alt_instruction_exception_entry.o)
 .debug_ranges  0x0000000000000440       0x10 c:/intelfpga_lite/18.1/nios2eds/bin/gnu/h-x86_64-mingw32/bin/../lib/gcc/nios2-elf/5.3.0/../../../../../H-x86_64-mingw32/nios2-elf/lib/mno-hw-mul\libsmallc.a(lib_a-memcmp.o)
 .debug_ranges  0x0000000000000450       0x10 c:/intelfpga_lite/18.1/nios2eds/bin/gnu/h-x86_64-mingw32/bin/../lib/gcc/nios2-elf/5.3.0/../../../../../H-x86_64-mingw32/nios2-elf/lib/mno-hw-mul\libsmallc.a(lib_a-strlen.o)
